Archive member included to satisfy reference by file (symbol)

/opt/st/stm32cubeide_1.16.0/plugins/com.st.stm32cube.ide.mcu.externaltools.gnu-tools-for-stm32.12.3.rel1.linux64_1.0.200.202406132123/tools/bin/../lib/gcc/arm-none-eabi/12.3.1/../../../../arm-none-eabi/lib/thumb/v7-m/nofp/libstdc++_nano.a(del_ops.o)
                              ./Core/Src/GPIO/GPIO_Base.o (operator delete(void*, unsigned int))
/opt/st/stm32cubeide_1.16.0/plugins/com.st.stm32cube.ide.mcu.externaltools.gnu-tools-for-stm32.12.3.rel1.linux64_1.0.200.202406132123/tools/bin/../lib/gcc/arm-none-eabi/12.3.1/../../../../arm-none-eabi/lib/thumb/v7-m/nofp/libstdc++_nano.a(new_op.o)
                              ./Core/Src/GPIO/GPIO_Base.o (operator new(unsigned int))
/opt/st/stm32cubeide_1.16.0/plugins/com.st.stm32cube.ide.mcu.externaltools.gnu-tools-for-stm32.12.3.rel1.linux64_1.0.200.202406132123/tools/bin/../lib/gcc/arm-none-eabi/12.3.1/../../../../arm-none-eabi/lib/thumb/v7-m/nofp/libstdc++_nano.a(functexcept.o)
                              ./Core/Src/GPIO/GPIO_Base.o (std::__throw_bad_alloc())
/opt/st/stm32cubeide_1.16.0/plugins/com.st.stm32cube.ide.mcu.externaltools.gnu-tools-for-stm32.12.3.rel1.linux64_1.0.200.202406132123/tools/bin/../lib/gcc/arm-none-eabi/12.3.1/../../../../arm-none-eabi/lib/thumb/v7-m/nofp/libstdc++_nano.a(hashtable_c++0x.o)
                              ./Core/Src/GPIO/GPIO_Base.o (std::__detail::_Prime_rehash_policy::_M_next_bkt(unsigned int) const)
/opt/st/stm32cubeide_1.16.0/plugins/com.st.stm32cube.ide.mcu.externaltools.gnu-tools-for-stm32.12.3.rel1.linux64_1.0.200.202406132123/tools/bin/../lib/gcc/arm-none-eabi/12.3.1/../../../../arm-none-eabi/lib/thumb/v7-m/nofp/libstdc++_nano.a(del_op.o)
                              /opt/st/stm32cubeide_1.16.0/plugins/com.st.stm32cube.ide.mcu.externaltools.gnu-tools-for-stm32.12.3.rel1.linux64_1.0.200.202406132123/tools/bin/../lib/gcc/arm-none-eabi/12.3.1/../../../../arm-none-eabi/lib/thumb/v7-m/nofp/libstdc++_nano.a(del_ops.o) (operator delete(void*))
/opt/st/stm32cubeide_1.16.0/plugins/com.st.stm32cube.ide.mcu.externaltools.gnu-tools-for-stm32.12.3.rel1.linux64_1.0.200.202406132123/tools/bin/../lib/gcc/arm-none-eabi/12.3.1/../../../../arm-none-eabi/lib/thumb/v7-m/nofp/libstdc++_nano.a(new_handler.o)
                              /opt/st/stm32cubeide_1.16.0/plugins/com.st.stm32cube.ide.mcu.externaltools.gnu-tools-for-stm32.12.3.rel1.linux64_1.0.200.202406132123/tools/bin/../lib/gcc/arm-none-eabi/12.3.1/../../../../arm-none-eabi/lib/thumb/v7-m/nofp/libstdc++_nano.a(new_op.o) (std::get_new_handler())
/opt/st/stm32cubeide_1.16.0/plugins/com.st.stm32cube.ide.mcu.externaltools.gnu-tools-for-stm32.12.3.rel1.linux64_1.0.200.202406132123/tools/bin/../lib/gcc/arm-none-eabi/12.3.1/../../../../arm-none-eabi/lib/thumb/v7-m/nofp/libm.a(libm_a-s_floor.o)
                              /opt/st/stm32cubeide_1.16.0/plugins/com.st.stm32cube.ide.mcu.externaltools.gnu-tools-for-stm32.12.3.rel1.linux64_1.0.200.202406132123/tools/bin/../lib/gcc/arm-none-eabi/12.3.1/../../../../arm-none-eabi/lib/thumb/v7-m/nofp/libstdc++_nano.a(hashtable_c++0x.o) (floor)
/opt/st/stm32cubeide_1.16.0/plugins/com.st.stm32cube.ide.mcu.externaltools.gnu-tools-for-stm32.12.3.rel1.linux64_1.0.200.202406132123/tools/bin/../lib/gcc/arm-none-eabi/12.3.1/../../../../arm-none-eabi/lib/thumb/v7-m/nofp/libc_nano.a(libc_a-abort.o)
                              /opt/st/stm32cubeide_1.16.0/plugins/com.st.stm32cube.ide.mcu.externaltools.gnu-tools-for-stm32.12.3.rel1.linux64_1.0.200.202406132123/tools/bin/../lib/gcc/arm-none-eabi/12.3.1/../../../../arm-none-eabi/lib/thumb/v7-m/nofp/libstdc++_nano.a(new_op.o) (abort)
/opt/st/stm32cubeide_1.16.0/plugins/com.st.stm32cube.ide.mcu.externaltools.gnu-tools-for-stm32.12.3.rel1.linux64_1.0.200.202406132123/tools/bin/../lib/gcc/arm-none-eabi/12.3.1/../../../../arm-none-eabi/lib/thumb/v7-m/nofp/libc_nano.a(libc_a-exit.o)
                              /opt/st/stm32cubeide_1.16.0/plugins/com.st.stm32cube.ide.mcu.externaltools.gnu-tools-for-stm32.12.3.rel1.linux64_1.0.200.202406132123/tools/bin/../lib/gcc/arm-none-eabi/12.3.1/../../../../arm-none-eabi/lib/thumb/v7-m/nofp/crt0.o (exit)
/opt/st/stm32cubeide_1.16.0/plugins/com.st.stm32cube.ide.mcu.externaltools.gnu-tools-for-stm32.12.3.rel1.linux64_1.0.200.202406132123/tools/bin/../lib/gcc/arm-none-eabi/12.3.1/../../../../arm-none-eabi/lib/thumb/v7-m/nofp/libc_nano.a(libc_a-malloc.o)
                              /opt/st/stm32cubeide_1.16.0/plugins/com.st.stm32cube.ide.mcu.externaltools.gnu-tools-for-stm32.12.3.rel1.linux64_1.0.200.202406132123/tools/bin/../lib/gcc/arm-none-eabi/12.3.1/../../../../arm-none-eabi/lib/thumb/v7-m/nofp/libstdc++_nano.a(new_op.o) (malloc)
/opt/st/stm32cubeide_1.16.0/plugins/com.st.stm32cube.ide.mcu.externaltools.gnu-tools-for-stm32.12.3.rel1.linux64_1.0.200.202406132123/tools/bin/../lib/gcc/arm-none-eabi/12.3.1/../../../../arm-none-eabi/lib/thumb/v7-m/nofp/libc_nano.a(libc_a-mallocr.o)
[...]
Memory Configuration

Name             Origin             Length             Attributes
RAM              0x20000000         0x00005000         xrw
FLASH            0x08000000         0x00010000         xr
*default*        0x00000000         0xffffffff

Linker script and memory map

LOAD /opt/st/stm32cubeide_1.16.0/plugins/com.st.stm32cube.ide.mcu.externaltools.gnu-tools-for-stm32.12.3.rel1.linux64_1.0.200.202406132123/tools/bin/../lib/gcc/arm-none-eabi/12.3.1/thumb/v7-m/nofp/crti.o
LOAD /opt/st/stm32cubeide_1.16.0/plugins/com.st.stm32cube.ide.mcu.externaltools.gnu-tools-for-stm32.12.3.rel1.linux64_1.0.200.202406132123/tools/bin/../lib/gcc/arm-none-eabi/12.3.1/thumb/v7-m/nofp/crtbegin.o
LOAD /opt/st/stm32cubeide_1.16.0/plugins/com.st.stm32cube.ide.mcu.externaltools.gnu-tools-for-stm32.12.3.rel1.linux64_1.0.200.202406132123/tools/bin/../lib/gcc/arm-none-eabi/12.3.1/../../../../arm-none-eabi/lib/thumb/v7-m/nofp/crt0.o
LOAD ./Core/Src/Bluetooth/Uart.o
LOAD ./Core/Src/GPIO/GPIO_Base.o
LOAD ./Core/Src/GPIO/Input.o
LOAD ./Core/Src/GPIO/Output.o
LOAD ./Core/Src/Motor/Motor.o
LOAD ./Core/Src/Motor/Motor_cfg.o
LOAD ./Core/Src/RCC_Peripheral_Enable/RCC_Peripheral_Enable.o
LOAD ./Core/Src/Robot/Robot.o
LOAD ./Core/Src/main.o
LOAD ./Core/Src/stm32f1xx_hal_msp.o
LOAD ./Core/Src/stm32f1xx_it.o
LOAD ./Core/Src/syscalls.o
LOAD ./Core/Src/sysmem.o
LOAD ./Core/Src/system_stm32f1xx.o
LOAD ./Core/Startup/startup_stm32f103c8tx.o
LOAD ./Drivers/STM32F1xx_HAL_Driver/Src/stm32f1xx_hal.o
LOAD ./Drivers/STM32F1xx_HAL_Driver/Src/stm32f1xx_hal_cortex.o
LOAD ./Drivers/STM32F1xx_HAL_Driver/Src/stm32f1xx_hal_dma.o
LOAD ./Drivers/STM32F1xx_HAL_Driver/Src/stm32f1xx_hal_exti.o
LOAD ./Drivers/STM32F1xx_HAL_Driver/Src/stm32f1xx_hal_flash.o
LOAD ./Drivers/STM32F1xx_HAL_Driver/Src/stm32f1xx_hal_flash_ex.o
LOAD ./Drivers/STM32F1xx_HAL_Driver/Src/stm32f1xx_hal_gpio.o
LOAD ./Drivers/STM32F1xx_HAL_Driver/Src/stm32f1xx_hal_gpio_ex.o
LOAD ./Drivers/STM32F1xx_HAL_Driver/Src/stm32f1xx_hal_pwr.o
LOAD ./Drivers/STM32F1xx_HAL_Driver/Src/stm32f1xx_hal_rcc.o
LOAD ./Drivers/STM32F1xx_HAL_Driver/Src/stm32f1xx_hal_rcc_ex.o
START GROUP
LOAD /opt/st/stm32cubeide_1.16.0/plugins/com.st.stm32cube.ide.mcu.externaltools.gnu-tools-for-stm32.12.3.rel1.linux64_1.0.200.202406132123/tools/bin/../lib/gcc/arm-none-eabi/12.3.1/../../../../arm-none-eabi/lib/thumb/v7-m/nofp/libstdc++_nano.a
LOAD /opt/st/stm32cubeide_1.16.0/plugins/com.st.stm32cube.ide.mcu.externaltools.gnu-tools-for-stm32.12.3.rel1.linux64_1.0.200.202406132123/tools/bin/../lib/gcc/arm-none-eabi/12.3.1/../../../../arm-none-eabi/lib/thumb/v7-m/nofp/libsupc++_nano.a
END GROUP
LOAD /opt/st/stm32cubeide_1.16.0/plugins/com.st.stm32cube.ide.mcu.externaltools.gnu-tools-for-stm32.12.3.rel1.linux64_1.0.200.202406132123/tools/bin/../lib/gcc/arm-none-eabi/12.3.1/../../../../arm-none-eabi/lib/thumb/v7-m/nofp/libstdc++_nano.a
LOAD /opt/st/stm32cubeide_1.16.0/plugins/com.st.stm32cube.ide.mcu.externaltools.gnu-tools-for-stm32.12.3.rel1.linux64_1.0.200.202406132123/tools/bin/../lib/gcc/arm-none-eabi/12.3.1/../../../../arm-none-eabi/lib/thumb/v7-m/nofp/libm.a
LOAD /opt/st/stm32cubeide_1.16.0/plugins/com.st.stm32cube.ide.mcu.externaltools.gnu-tools-for-stm32.12.3.rel1.linux64_1.0.200.202406132123/tools/bin/../lib/gcc/arm-none-eabi/12.3.1/../../../../arm-none-eabi/lib/thumb/v7-m/nofp/libc_nano.a
START GROUP
LOAD /opt/st/stm32cubeide_1.16.0/plugins/com.st.stm32cube.ide.mcu.externaltools.gnu-tools-for-stm32.12.3.rel1.linux64_1.0.200.202406132123/tools/bin/../lib/gcc/arm-none-eabi/12.3.1/thumb/v7-m/nofp/libgcc.a
LOAD /opt/st/stm32cubeide_1.16.0/plugins/com.st.stm32cube.ide.mcu.externaltools.gnu-tools-for-stm32.12.3.rel1.linux64_1.0.200.202406132123/tools/bin/../lib/gcc/arm-none-eabi/12.3.1/../../../../arm-none-eabi/lib/thumb/v7-m/nofp/libc_nano.a
END GROUP
START GROUP
LOAD /opt/st/stm32cubeide_1.16.0/plugins/com.st.stm32cube.ide.mcu.externaltools.gnu-tools-for-stm32.12.3.rel1.linux64_1.0.200.202406132123/tools/bin/../lib/gcc/arm-none-eabi/12.3.1/thumb/v7-m/nofp/libgcc.a
LOAD /opt/st/stm32cubeide_1.16.0/plugins/com.st.stm32cube.ide.mcu.externaltools.gnu-tools-for-stm32.12.3.rel1.linux64_1.0.200.202406132123/tools/bin/../lib/gcc/arm-none-eabi/12.3.1/../../../../arm-none-eabi/lib/thumb/v7-m/nofp/libc_nano.a
LOAD /opt/st/stm32cubeide_1.16.0/plugins/com.st.stm32cube.ide.mcu.externaltools.gnu-tools-for-stm32.12.3.rel1.linux64_1.0.200.202406132123/tools/bin/../lib/gcc/arm-none-eabi/12.3.1/../../../../arm-none-eabi/lib/thumb/v7-m/nofp/libnosys.a
END GROUP
START GROUP
LOAD /opt/st/stm32cubeide_1.16.0/plugins/com.st.stm32cube.ide.mcu.externaltools.gnu-tools-for-stm32.12.3.rel1.linux64_1.0.200.202406132123/tools/bin/../lib/gcc/arm-none-eabi/12.3.1/thumb/v7-m/nofp/libgcc.a
LOAD /opt/st/stm32cubeide_1.16.0/plugins/com.st.stm32cube.ide.mcu.externaltools.gnu-tools-for-stm32.12.3.rel1.linux64_1.0.200.202406132123/tools/bin/../lib/gcc/arm-none-eabi/12.3.1/../../../../arm-none-eabi/lib/thumb/v7-m/nofp/libc_nano.a
LOAD /opt/st/stm32cubeide_1.16.0/plugins/com.st.stm32cube.ide.mcu.externaltools.gnu-tools-for-stm32.12.3.rel1.linux64_1.0.200.202406132123/tools/bin/../lib/gcc/arm-none-eabi/12.3.1/../../../../arm-none-eabi/lib/thumb/v7-m/nofp/libnosys.a
END GROUP
LOAD /opt/st/stm32cubeide_1.16.0/plugins/com.st.stm32cube.ide.mcu.externaltools.gnu-tools-for-stm32.12.3.rel1.linux64_1.0.200.202406132123/tools/bin/../lib/gcc/arm-none-eabi/12.3.1/thumb/v7-m/nofp/crtend.o
LOAD /opt/st/stm32cubeide_1.16.0/plugins/com.st.stm32cube.ide.mcu.externaltools.gnu-tools-for-stm32.12.3.rel1.linux64_1.0.200.202406132123/tools/bin/../lib/gcc/arm-none-eabi/12.3.1/thumb/v7-m/nofp/crtn.o
                0x20005000                        _estack = (ORIGIN (RAM) + LENGTH (RAM))
                0x00000200                        _Min_Heap_Size = 0x200
                0x00000400                        _Min_Stack_Size = 0x400

.isr_vector     0x08000000      0x10c
                0x08000000                        . = ALIGN (0x4)
 *(.isr_vector)
 .isr_vector    0x08000000      0x10c ./Core/Startup/startup_stm32f103c8tx.o
                0x08000000                g_pfnVectors
                0x0800010c                        . = ALIGN (0x4)

.text           0x08000110     0x3364
                0x08000110                        . = ALIGN (0x4)
 *(.text)
 .text          0x08000110       0x40 /opt/st/stm32cubeide_1.16.0/plugins/com.st.stm32cube.ide.mcu.externaltools.gnu-tools-for-stm32.12.3.rel1.linux64_1.0.200.202406132123/tools/bin/../lib/gcc/arm-none-eabi/12.3.1/thumb/v7-m/nofp/crtbegin.o
 .text          0x08000150      0x378 /opt/st/stm32cubeide_1.16.0/plugins/com.st.stm32cube.ide.mcu.externaltools.gnu-tools-for-stm32.12.3.rel1.linux64_1.0.200.202406132123/tools/bin/../lib/gcc/arm-none-eabi/12.3.1/thumb/v7-m/nofp/libgcc.a(_arm_addsubdf3.o)
                0x08000150                __aeabi_drsub
                0x08000158                __aeabi_dsub
                0x08000158                __subdf3
                0x0800015c                __adddf3
                0x0800015c                __aeabi_dadd
                0x080003d4                __aeabi_ui2d
                0x080003d4                __floatunsidf
                0x080003f4                __floatsidf
                0x080003f4                __aeabi_i2d
                0x08000418                __extendsfdf2
                0x08000418                __aeabi_f2d
                0x0800045c                __aeabi_ul2d
                0x0800045c                __floatundidf
                0x0800046c                __floatdidf
                0x0800046c                __aeabi_l2d
 .text          0x080004c8      0x424 /opt/st/stm32cubeide_1.16.0/plugins/com.st.stm32cube.ide.mcu.externaltools.gnu-tools-for-stm32.12.3.rel1.linux64_1.0.200.202406132123/tools/bin/../lib/gcc/arm-none-eabi/12.3.1/thumb/v7-m/nofp/libgcc.a(_arm_muldivdf3.o)
                0x080004c8                __aeabi_dmul
                0x080004c8                __muldf3
                0x0800071c                __aeabi_ddiv
                0x0800071c                __divdf3
 .text          0x080008ec      0x110 /opt/st/stm32cubeide_1.16.0/plugins/com.st.stm32cube.ide.mcu.externaltools.gnu-tools-for-stm32.12.3.rel1.linux64_1.0.200.202406132123/tools/bin/../lib/gcc/arm-none-eabi/12.3.1/thumb/v7-m/nofp/libgcc.a(_arm_cmpdf2.o)
                0x080008ec                __gtdf2
                0x080008ec                __gedf2
                0x080008f4                __ltdf2
                0x080008f4                __ledf2
                0x080008fc                __cmpdf2
                0x080008fc                __eqdf2
                0x080008fc                __nedf2
                0x08000978                __aeabi_cdrcmple
                0x08000988                __aeabi_cdcmple
                0x08000988                __aeabi_cdcmpeq
                0x08000998                __aeabi_dcmpeq
                0x080009ac                __aeabi_dcmplt
                0x080009c0                __aeabi_dcmple
                0x080009d4                __aeabi_dcmpge
                0x080009e8                __aeabi_dcmpgt
 .text          0x080009fc       0x40 /opt/st/stm32cubeide_1.16.0/plugins/com.st.stm32cube.ide.mcu.externaltools.gnu-tools-for-stm32.12.3.rel1.linux64_1.0.200.202406132123/tools/bin/../lib/gcc/arm-none-eabi/12.3.1/thumb/v7-m/nofp/libgcc.a(_arm_fixunsdfsi.o)
                0x080009fc                __fixunsdfsi
                0x080009fc                __aeabi_d2uiz
 *(.text*)
 .text._ZN4UartC2Em
                0x08000a3c       0x28 ./Core/Src/Bluetooth/Uart.o
                0x08000a3c                Uart::Uart(unsigned long)
                0x08000a3c                Uart::Uart(unsigned long)
 .text._ZN4UartnwEj13UsartInstance
                0x08000a64       0x16 ./Core/Src/Bluetooth/Uart.o
                0x08000a64                Uart::operator new(unsigned int, UsartInstance)
 .text._ZN4Uart15IntitalizeUart1Em
                0x08000a7a       0x2c ./Core/Src/Bluetooth/Uart.o
                0x08000a7a                Uart::IntitalizeUart1(unsigned long)
 *fill*         0x08000aa6        0x2 
 .text._ZN4Uart13setUart1_binsEv
                0x08000aa8       0x44 ./Core/Src/Bluetooth/Uart.o
                0x08000aa8                Uart::setUart1_bins()
 .text._ZN4Uart24setUart1_mode_fullduplexEv
                0x08000aec       0x1e ./Core/Src/Bluetooth/Uart.o
                0x08000aec                Uart::setUart1_mode_fullduplex()
 *fill*         0x08000b0a        0x2 
 .text._ZN4Uart17setUart1_baudrateEm
                0x08000b0c       0x24 ./Core/Src/Bluetooth/Uart.o
                0x08000b0c                Uart::setUart1_baudrate(unsigned long)
 .text._ZN4Uart11EnableUart1Ev
                0x08000b30       0x1e ./Core/Src/Bluetooth/Uart.o
                0x08000b30                Uart::EnableUart1()
 *fill*         0x08000b4e        0x2 
 .text._ZN4Uart8UartReadEv
                0x08000b50       0x34 ./Core/Src/Bluetooth/Uart.o
                0x08000b50                Uart::UartRead()
 .text._ZnwjPv  0x08000b84       0x16 ./Core/Src/GPIO/GPIO_Base.o
                0x08000b84                operator new(unsigned int, void*)
 .text._ZNSt8__detail15_Hash_node_baseC2Ev
                0x08000b9a       0x1a ./Core/Src/GPIO/GPIO_Base.o
                0x08000b9a                std::__detail::_Hash_node_base::_Hash_node_base()
                0x08000b9a                std::__detail::_Hash_node_base::_Hash_node_base()
 .text._ZNKSt8__detail18_Mod_range_hashingclEjj
                0x08000bb4       0x26 ./Core/Src/GPIO/GPIO_Base.o
                0x08000bb4                std::__detail::_Mod_range_hashing::operator()(unsigned int, unsigned int) const
 .text._ZNSt8__detail20_Prime_rehash_policyC2Ef
                0x08000bda       0x22 ./Core/Src/GPIO/GPIO_Base.o
                0x08000bda                std::__detail::_Prime_rehash_policy::_Prime_rehash_policy(float)
                0x08000bda                std::__detail::_Prime_rehash_policy::_Prime_rehash_policy(float)
 .text._ZNKSt8__detail20_Prime_rehash_policy8_M_stateEv
                0x08000bfc       0x16 ./Core/Src/GPIO/GPIO_Base.o
                0x08000bfc                std::__detail::_Prime_rehash_policy::_M_state() const
 *fill*         0x08000c12        0x2 
 .text._ZN9GPIO_BaseC2EP12GPIO_TypeDefh
                0x08000c14       0x68 ./Core/Src/GPIO/GPIO_Base.o
                0x08000c14                GPIO_Base::GPIO_Base(GPIO_TypeDef*, unsigned char)
                0x08000c14                GPIO_Base::GPIO_Base(GPIO_TypeDef*, unsigned char)
 .text._ZNSt13unordered_mapIP12GPIO_TypeDefbSt4hashIS1_ESt8equal_toIS1_ESaISt4pairIKS1_bEEED2Ev
                0x08000c7c       0x1a ./Core/Src/GPIO/GPIO_Base.o
                0x08000c7c                std::unordered_map<GPIO_TypeDef*, bool, std::hash<GPIO_TypeDef*>, std::equal_to<GPIO_TypeDef*>, std::allocator<std::pair<GPIO_TypeDef* const, bool> > >::~unordered_map()
                0x08000c7c                std::unordered_map<GPIO_TypeDef*, bool, std::hash<GPIO_TypeDef*>, std::equal_to<GPIO_TypeDef*>, std::allocator<std::pair<GPIO_TypeDef* const, bool> > >::~unordered_map()
 .text._ZNSt13unordered_mapIP12GPIO_TypeDefbSt4hashIS1_ESt8equal_toIS1_ESaISt4pairIKS1_bEEEixERS7_
                0x08000c96       0x1e ./Core/Src/GPIO/GPIO_Base.o
                0x08000c96                std::unordered_map<GPIO_TypeDef*, bool, std::hash<GPIO_TypeDef*>, std::equal_to<GPIO_TypeDef*>, std::allocator<std::pair<GPIO_TypeDef* const, bool> > >::operator[](GPIO_TypeDef* const&)
 .text._ZNSt4pairIKP12GPIO_TypeDefbEC2IS1_bLb1EEEOT_OT0_
                0x08000cb4       0x32 ./Core/Src/GPIO/GPIO_Base.o
                0x08000cb4                std::pair<GPIO_TypeDef* const, bool>::pair<GPIO_TypeDef*, bool, true>(GPIO_TypeDef*&&, bool&&)
                0x08000cb4                std::pair<GPIO_TypeDef* const, bool>::pair<GPIO_TypeDef*, bool, true>(GPIO_TypeDef*&&, bool&&)
 .text._ZNSaISt4pairIKP12GPIO_TypeDefbEEC2Ev
                0x08000ce6       0x18 ./Core/Src/GPIO/GPIO_Base.o
                0x08000ce6                std::allocator<std::pair<GPIO_TypeDef* const, bool> >::allocator()
                0x08000ce6                std::allocator<std::pair<GPIO_TypeDef* const, bool> >::allocator()
 .text._ZNSaISt4pairIKP12GPIO_TypeDefbEED2Ev
                0x08000cfe       0x18 ./Core/Src/GPIO/GPIO_Base.o
                0x08000cfe                std::allocator<std::pair<GPIO_TypeDef* const, bool> >::~allocator()
                0x08000cfe                std::allocator<std::pair<GPIO_TypeDef* const, bool> >::~allocator()
 .text._ZNSt13unordered_mapIP12GPIO_TypeDefbSt4hashIS1_ESt8equal_toIS1_ESaISt4pairIKS1_bEEEC2ESt16initializer_listIS8_EjRKS3_RKS5_RKS9_
                0x08000d16       0x32 ./Core/Src/GPIO/GPIO_Base.o
                0x08000d16                std::unordered_map<GPIO_TypeDef*, bool, std::hash<GPIO_TypeDef*>, std::equal_to<GPIO_TypeDef*>, std::allocator<std::pair<GPIO_TypeDef* const, bool> > >::unordered_map(std::initializer_list<std::pair<GPIO_TypeDef* const, bool> >, unsigned int, std::hash<GPIO_TypeDef*> const&, std::equal_to<GPIO_TypeDef*> const&, std::allocator<std::pair<GPIO_TypeDef* const, bool> > const&)
                0x08000d16                std::unordered_map<GPIO_TypeDef*, bool, std::hash<GPIO_TypeDef*>, std::equal_to<GPIO_TypeDef*>, std::allocator<std::pair<GPIO_TypeDef* const, bool> > >::unordered_map(std::initializer_list<std::pair<GPIO_TypeDef* const, bool> >, unsigned int, std::hash<GPIO_TypeDef*> const&, std::equal_to<GPIO_TypeDef*> const&, std::allocator<std::pair<GPIO_TypeDef* const, bool> > const&)
 .text._ZNSt8__detail21_Hashtable_ebo_helperILi0ESaINS_10_Hash_nodeISt4pairIKP12GPIO_TypeDefbELb0EEEELb1EED2Ev
                0x08000d48       0x18 ./Core/Src/GPIO/GPIO_Base.o
                0x08000d48                std::__detail::_Hashtable_ebo_helper<0, std::allocator<std::__detail::_Hash_node<std::pair<GPIO_TypeDef* const, bool>, false> >, true>::~_Hashtable_ebo_helper()
                0x08000d48                std::__detail::_Hashtable_ebo_helper<0, std::allocator<std::__detail::_Hash_node<std::pair<GPIO_TypeDef* const, bool>, false> >, true>::~_Hashtable_ebo_helper()
 .text._ZNSt8__detail16_Hashtable_allocISaINS_10_Hash_nodeISt4pairIKP12GPIO_TypeDefbELb0EEEEED2Ev
                0x08000d60       0x18 ./Core/Src/GPIO/GPIO_Base.o
                0x08000d60                std::__detail::_Hashtable_alloc<std::allocator<std::__detail::_Hash_node<std::pair<GPIO_TypeDef* const, bool>, false> > >::~_Hashtable_alloc()
                0x08000d60                std::__detail::_Hashtable_alloc<std::allocator<std::__detail::_Hash_node<std::pair<GPIO_TypeDef* const, bool>, false> > >::~_Hashtable_alloc()
 .text._ZNSt10_HashtableIP12GPIO_TypeDefSt4pairIKS1_bESaIS4_ENSt8__detail10_Select1stESt8equal_toIS1_ESt4hashIS1_ENS6_18_Mod_range_hashingENS6_20_Default_ranged_hashENS6_20_Prime_rehash_policyENS6_17_Hashtable_traitsILb0ELb0ELb1EEEED2Ev
                0x08000d78       0x24 ./Core/Src/GPIO/GPIO_Base.o
                0x08000d78                std::_Hashtable<GPIO_TypeDef*, std::pair<GPIO_TypeDef* const, bool>, std::allocator<std::pair<GPIO_TypeDef* const, bool> >, std::__detail::_Select1st, std::equal_to<GPIO_TypeDef*>, std::hash<GPIO_TypeDef*>, std::__detail::_Mod_range_hashing, std::__detail::_Default_ranged_hash, std::__detail::_Prime_rehash_policy, std::__detail::_Hashtable_traits<false, false, true> >::~_Hashtable()
                0x08000d78                std::_Hashtable<GPIO_TypeDef*, std::pair<GPIO_TypeDef* const, bool>, std::allocator<std::pair<GPIO_TypeDef* const, bool> >, std::__detail::_Select1st, std::equal_to<GPIO_TypeDef*>, std::hash<GPIO_TypeDef*>, std::__detail::_Mod_range_hashing, std::__detail::_Default_ranged_hash, std::__detail::_Prime_rehash_policy, std::__detail::_Hashtable_traits<false, false, true> >::~_Hashtable()
 .text._ZSt7forwardIbEOT_RNSt16remove_referenceIS0_E4typeE
                0x08000d9c       0x14 ./Core/Src/GPIO/GPIO_Base.o
                0x08000d9c                bool&& std::forward<bool>(std::remove_reference<bool>::type&)
 .text._ZNSt8__detail9_Map_baseIP12GPIO_TypeDefSt4pairIKS2_bESaIS5_ENS_10_Select1stESt8equal_toIS2_ESt4hashIS2_ENS_18_Mod_range_hashingENS_20_Default_ranged_hashENS_20_Prime_rehash_policyENS_17_Hashtable_traitsILb0ELb0ELb1EEELb1EEixERS4_
                0x08000db0       0xac ./Core/Src/GPIO/GPIO_Base.o
                0x08000db0                std::__detail::_Map_base<GPIO_TypeDef*, std::pair<GPIO_TypeDef* const, bool>, std::allocator<std::pair<GPIO_TypeDef* const, bool> >, std::__detail::_Select1st, std::equal_to<GPIO_TypeDef*>, std::hash<GPIO_TypeDef*>, std::__detail::_Mod_range_hashing, std::__detail::_Default_ranged_hash, std::__detail::_Prime_rehash_policy, std::__detail::_Hashtable_traits<false, false, true>, true>::operator[](GPIO_TypeDef* const&)
 .text._ZSt7forwardIP12GPIO_TypeDefEOT_RNSt16remove_referenceIS2_E4typeE
                0x08000e5c       0x14 ./Core/Src/GPIO/GPIO_Base.o
                0x08000e5c                GPIO_TypeDef*&& std::forward<GPIO_TypeDef*>(std::remove_reference<GPIO_TypeDef*>::type&)
 .text._ZNSt15__new_allocatorISt4pairIKP12GPIO_TypeDefbEEC2Ev
                0x08000e70       0x14 ./Core/Src/GPIO/GPIO_Base.o
                0x08000e70                std::__new_allocator<std::pair<GPIO_TypeDef* const, bool> >::__new_allocator()
                0x08000e70                std::__new_allocator<std::pair<GPIO_TypeDef* const, bool> >::__new_allocator()
 .text._ZNSt15__new_allocatorISt4pairIKP12GPIO_TypeDefbEED2Ev
                0x08000e84       0x14 ./Core/Src/GPIO/GPIO_Base.o
                0x08000e84                std::__new_allocator<std::pair<GPIO_TypeDef* const, bool> >::~__new_allocator()
                0x08000e84                std::__new_allocator<std::pair<GPIO_TypeDef* const, bool> >::~__new_allocator()
 .text._ZNSt10_HashtableIP12GPIO_TypeDefSt4pairIKS1_bESaIS4_ENSt8__detail10_Select1stESt8equal_toIS1_ESt4hashIS1_ENS6_18_Mod_range_hashingENS6_20_Default_ranged_hashENS6_20_Prime_rehash_policyENS6_17_Hashtable_traitsILb0ELb0ELb1EEEEC2ESt16initializer_listIS4_EjRKSB_RKS9_RKS5_
                0x08000e98       0x48 ./Core/Src/GPIO/GPIO_Base.o
                0x08000e98                std::_Hashtable<GPIO_TypeDef*, std::pair<GPIO_TypeDef* const, bool>, std::allocator<std::pair<GPIO_TypeDef* const, bool> >, std::__detail::_Select1st, std::equal_to<GPIO_TypeDef*>, std::hash<GPIO_TypeDef*>, std::__detail::_Mod_range_hashing, std::__detail::_Default_ranged_hash, std::__detail::_Prime_rehash_policy, std::__detail::_Hashtable_traits<false, false, true> >::_Hashtable(std::initializer_list<std::pair<GPIO_TypeDef* const, bool> >, unsigned int, std::hash<GPIO_TypeDef*> const&, std::equal_to<GPIO_TypeDef*> const&, std::allocator<std::pair<GPIO_TypeDef* const, bool> > const&)
                0x08000e98                std::_Hashtable<GPIO_TypeDef*, std::pair<GPIO_TypeDef* const, bool>, std::allocator<std::pair<GPIO_TypeDef* const, bool> >, std::__detail::_Select1st, std::equal_to<GPIO_TypeDef*>, std::hash<GPIO_TypeDef*>, std::__detail::_Mod_range_hashing, std::__detail::_Default_ranged_hash, std::__detail::_Prime_rehash_policy, std::__detail::_Hashtable_traits<false, false, true> >::_Hashtable(std::initializer_list<std::pair<GPIO_TypeDef* const, bool> >, unsigned int, std::hash<GPIO_TypeDef*> const&, std::equal_to<GPIO_TypeDef*> const&, std::allocator<std::pair<GPIO_TypeDef* const, bool> > const&)
 .text._ZNSaINSt8__detail10_Hash_nodeISt4pairIKP12GPIO_TypeDefbELb0EEEED2Ev
                0x08000ee0       0x18 ./Core/Src/GPIO/GPIO_Base.o
                0x08000ee0                std::allocator<std::__detail::_Hash_node<std::pair<GPIO_TypeDef* const, bool>, false> >::~allocator()
                0x08000ee0                std::allocator<std::__detail::_Hash_node<std::pair<GPIO_TypeDef* const, bool>, false> >::~allocator()
 .text._ZNSt10_HashtableIP12GPIO_TypeDefSt4pairIKS1_bESaIS4_ENSt8__detail10_Select1stESt8equal_toIS1_ESt4hashIS1_ENS6_18_Mod_range_hashingENS6_20_Default_ranged_hashENS6_20_Prime_rehash_policyENS6_17_Hashtable_traitsILb0ELb0ELb1EEEE5clearEv
                0x08000ef8       0x40 ./Core/Src/GPIO/GPIO_Base.o
                0x08000ef8                std::_Hashtable<GPIO_TypeDef*, std::pair<GPIO_TypeDef* const, bool>, std::allocator<std::pair<GPIO_TypeDef* const, bool> >, std::__detail::_Select1st, std::equal_to<GPIO_TypeDef*>, std::hash<GPIO_TypeDef*>, std::__detail::_Mod_range_hashing, std::__detail::_Default_ranged_hash, std::__detail::_Prime_rehash_policy, std::__detail::_Hashtable_traits<false, false, true> >::clear()
 .text._ZNSt10_HashtableIP12GPIO_TypeDefSt4pairIKS1_bESaIS4_ENSt8__detail10_Select1stESt8equal_toIS1_ESt4hashIS1_ENS6_18_Mod_range_hashingENS6_20_Default_ranged_hashENS6_20_Prime_rehash_policyENS6_17_Hashtable_traitsILb0ELb0ELb1EEEE21_M_deallocate_bucketsEv
                0x08000f38       0x20 ./Core/Src/GPIO/GPIO_Base.o
                0x08000f38                std::_Hashtable<GPIO_TypeDef*, std::pair<GPIO_TypeDef* const, bool>, std::allocator<std::pair<GPIO_TypeDef* const, bool> >, std::__detail::_Select1st, std::equal_to<GPIO_TypeDef*>, std::hash<GPIO_TypeDef*>, std::__detail::_Mod_range_hashing, std::__detail::_Default_ranged_hash, std::__detail::_Prime_rehash_policy, std::__detail::_Hashtable_traits<false, false, true> >::_M_deallocate_buckets()
 .text._ZNKSt8__detail15_Hash_code_baseIP12GPIO_TypeDefSt4pairIKS2_bENS_10_Select1stESt4hashIS2_ENS_18_Mod_range_hashingENS_20_Default_ranged_hashELb0EE12_M_hash_codeERS4_
                0x08000f58       0x28 ./Core/Src/GPIO/GPIO_Base.o
                0x08000f58                std::__detail::_Hash_code_base<GPIO_TypeDef*, std::pair<GPIO_TypeDef* const, bool>, std::__detail::_Select1st, std::hash<GPIO_TypeDef*>, std::__detail::_Mod_range_hashing, std::__detail::_Default_ranged_hash, false>::_M_hash_code(GPIO_TypeDef* const&) const
 .text._ZNKSt10_HashtableIP12GPIO_TypeDefSt4pairIKS1_bESaIS4_ENSt8__detail10_Select1stESt8equal_toIS1_ESt4hashIS1_ENS6_18_Mod_range_hashingENS6_20_Default_ranged_hashENS6_20_Prime_rehash_policyENS6_17_Hashtable_traitsILb0ELb0ELb1EEEE15_M_bucket_indexEj
                0x08000f80       0x22 ./Core/Src/GPIO/GPIO_Base.o
                0x08000f80                std::_Hashtable<GPIO_TypeDef*, std::pair<GPIO_TypeDef* const, bool>, std::allocator<std::pair<GPIO_TypeDef* const, bool> >, std::__detail::_Select1st, std::equal_to<GPIO_TypeDef*>, std::hash<GPIO_TypeDef*>, std::__detail::_Mod_range_hashing, std::__detail::_Default_ranged_hash, std::__detail::_Prime_rehash_policy, std::__detail::_Hashtable_traits<false, false, true> >::_M_bucket_index(unsigned int) const
 .text._ZNKSt10_HashtableIP12GPIO_TypeDefSt4pairIKS1_bESaIS4_ENSt8__detail10_Select1stESt8equal_toIS1_ESt4hashIS1_ENS6_18_Mod_range_hashingENS6_20_Default_ranged_hashENS6_20_Prime_rehash_policyENS6_17_Hashtable_traitsILb0ELb0ELb1EEEE12_M_find_nodeEjRS3_j
                0x08000fa2       0x32 ./Core/Src/GPIO/GPIO_Base.o
                0x08000fa2                std::_Hashtable<GPIO_TypeDef*, std::pair<GPIO_TypeDef* const, bool>, std::allocator<std::pair<GPIO_TypeDef* const, bool> >, std::__detail::_Select1st, std::equal_to<GPIO_TypeDef*>, std::hash<GPIO_TypeDef*>, std::__detail::_Mod_range_hashing, std::__detail::_Default_ranged_hash, std::__detail::_Prime_rehash_policy, std::__detail::_Hashtable_traits<false, false, true> >::_M_find_node(unsigned int, GPIO_TypeDef* const&, unsigned int) const
 .text._ZNSt8__detail21_Hash_node_value_baseISt4pairIKP12GPIO_TypeDefbEE4_M_vEv
                0x08000fd4       0x18 ./Core/Src/GPIO/GPIO_Base.o
                0x08000fd4                std::__detail::_Hash_node_value_base<std::pair<GPIO_TypeDef* const, bool> >::_M_v()
 .text._ZNSt5tupleIJRKP12GPIO_TypeDefEEC2ILb1ELb1EEES3_
                0x08000fec       0x1e ./Core/Src/GPIO/GPIO_Base.o
                0x08000fec                std::tuple<GPIO_TypeDef* const&>::tuple<true, true>(GPIO_TypeDef* const&)
                0x08000fec                std::tuple<GPIO_TypeDef* const&>::tuple<true, true>(GPIO_TypeDef* const&)
 .text._ZNSt10_HashtableIP12GPIO_TypeDefSt4pairIKS1_bESaIS4_ENSt8__detail10_Select1stESt8equal_toIS1_ESt4hashIS1_ENS6_18_Mod_range_hashingENS6_20_Default_ranged_hashENS6_20_Prime_rehash_policyENS6_17_Hashtable_traitsILb0ELb0ELb1EEEE12_Scoped_nodeC2IJRKSt21piecewise_construct_tSt5tupleIJRS3_EESN_IJEEEEEPNS6_16_Hashtable_allocISaINS6_10_Hash_nodeIS4_Lb0EEEEEEDpOT_
                0x0800100a       0x48 ./Core/Src/GPIO/GPIO_Base.o
                0x0800100a                std::_Hashtable<GPIO_TypeDef*, std::pair<GPIO_TypeDef* const, bool>, std::allocator<std::pair<GPIO_TypeDef* const, bool> >, std::__detail::_Select1st, std::equal_to<GPIO_TypeDef*>, std::hash<GPIO_TypeDef*>, std::__detail::_Mod_range_hashing, std::__detail::_Default_ranged_hash, std::__detail::_Prime_rehash_policy, std::__detail::_Hashtable_traits<false, false, true> >::_Scoped_node::_Scoped_node<std::piecewise_construct_t const&, std::tuple<GPIO_TypeDef* const&>, std::tuple<> >(std::__detail::_Hashtable_alloc<std::allocator<std::__detail::_Hash_node<std::pair<GPIO_TypeDef* const, bool>, false> > >*, std::piecewise_construct_t const&, std::tuple<GPIO_TypeDef* const&>&&, std::tuple<>&&)
                0x0800100a                std::_Hashtable<GPIO_TypeDef*, std::pair<GPIO_TypeDef* const, bool>, std::allocator<std::pair<GPIO_TypeDef* const, bool> >, std::__detail::_Select1st, std::equal_to<GPIO_TypeDef*>, std::hash<GPIO_TypeDef*>, std::__detail::_Mod_range_hashing, std::__detail::_Default_ranged_hash, std::__detail::_Prime_rehash_policy, std::__detail::_Hashtable_traits<false, false, true> >::_Scoped_node::_Scoped_node<std::piecewise_construct_t const&, std::tuple<GPIO_TypeDef* const&>, std::tuple<> >(std::__detail::_Hashtable_alloc<std::allocator<std::__detail::_Hash_node<std::pair<GPIO_TypeDef* const, bool>, false> > >*, std::piecewise_construct_t const&, std::tuple<GPIO_TypeDef* const&>&&, std::tuple<>&&)
 .text._ZNSt10_HashtableIP12GPIO_TypeDefSt4pairIKS1_bESaIS4_ENSt8__detail10_Select1stESt8equal_toIS1_ESt4hashIS1_ENS6_18_Mod_range_hashingENS6_20_Default_ranged_hashENS6_20_Prime_rehash_policyENS6_17_Hashtable_traitsILb0ELb0ELb1EEEE12_Scoped_nodeD2Ev
                0x08001052       0x2a ./Core/Src/GPIO/GPIO_Base.o
                0x08001052                std::_Hashtable<GPIO_TypeDef*, std::pair<GPIO_TypeDef* const, bool>, std::allocator<std::pair<GPIO_TypeDef* const, bool> >, std::__detail::_Select1st, std::equal_to<GPIO_TypeDef*>, std::hash<GPIO_TypeDef*>, std::__detail::_Mod_range_hashing, std::__detail::_Default_ranged_hash, std::__detail::_Prime_rehash_policy, std::__detail::_Hashtable_traits<false, false, true> >::_Scoped_node::~_Scoped_node()
                0x08001052                std::_Hashtable<GPIO_TypeDef*, std::pair<GPIO_TypeDef* const, bool>, std::allocator<std::pair<GPIO_TypeDef* const, bool> >, std::__detail::_Select1st, std::equal_to<GPIO_TypeDef*>, std::hash<GPIO_TypeDef*>, std::__detail::_Mod_range_hashing, std::__detail::_Default_ranged_hash, std::__detail::_Prime_rehash_policy, std::__detail::_Hashtable_traits<false, false, true> >::_Scoped_node::~_Scoped_node()
 .text._ZNSt10_HashtableIP12GPIO_TypeDefSt4pairIKS1_bESaIS4_ENSt8__detail10_Select1stESt8equal_toIS1_ESt4hashIS1_ENS6_18_Mod_range_hashingENS6_20_Default_ranged_hashENS6_20_Prime_rehash_policyENS6_17_Hashtable_traitsILb0ELb0ELb1EEEE21_M_insert_unique_nodeEjjPNS6_10_Hash_nodeIS4_Lb0EEEj
                0x0800107c       0x92 ./Core/Src/GPIO/GPIO_Base.o
                0x0800107c                std::_Hashtable<GPIO_TypeDef*, std::pair<GPIO_TypeDef* const, bool>, std::allocator<std::pair<GPIO_TypeDef* const, bool> >, std::__detail::_Select1st, std::equal_to<GPIO_TypeDef*>, std::hash<GPIO_TypeDef*>, std::__detail::_Mod_range_hashing, std::__detail::_Default_ranged_hash, std::__detail::_Prime_rehash_policy, std::__detail::_Hashtable_traits<false, false, true> >::_M_insert_unique_node(unsigned int, unsigned int, std::__detail::_Hash_node<std::pair<GPIO_TypeDef* const, bool>, false>*, unsigned int)
 .text._ZNKSt8__detail14_Node_iteratorISt4pairIKP12GPIO_TypeDefbELb0ELb0EEptEv
                0x0800110e       0x1e ./Core/Src/GPIO/GPIO_Base.o
                0x0800110e                std::__detail::_Node_iterator<std::pair<GPIO_TypeDef* const, bool>, false, false>::operator->() const
 .text._ZNKSt16initializer_listISt4pairIKP12GPIO_TypeDefbEE5beginEv
                0x0800112c       0x16 ./Core/Src/GPIO/GPIO_Base.o
                0x0800112c                std::initializer_list<std::pair<GPIO_TypeDef* const, bool> >::begin() const
 .text._ZNKSt16initializer_listISt4pairIKP12GPIO_TypeDefbEE3endEv
                0x08001142       0x24 ./Core/Src/GPIO/GPIO_Base.o
                0x08001142                std::initializer_list<std::pair<GPIO_TypeDef* const, bool> >::end() const
 .text._ZNSt10_HashtableIP12GPIO_TypeDefSt4pairIKS1_bESaIS4_ENSt8__detail10_Select1stESt8equal_toIS1_ESt4hashIS1_ENS6_18_Mod_range_hashingENS6_20_Default_ranged_hashENS6_20_Prime_rehash_policyENS6_17_Hashtable_traitsILb0ELb0ELb1EEEEC2IPKS4_EET_SL_jRKSB_RKS9_RKS5_St17integral_constantIbLb1EE
                0x08001166       0x46 ./Core/Src/GPIO/GPIO_Base.o
                0x08001166                std::_Hashtable<GPIO_TypeDef*, std::pair<GPIO_TypeDef* const, bool>, std::allocator<std::pair<GPIO_TypeDef* const, bool> >, std::__detail::_Select1st, std::equal_to<GPIO_TypeDef*>, std::hash<GPIO_TypeDef*>, std::__detail::_Mod_range_hashing, std::__detail::_Default_ranged_hash, std::__detail::_Prime_rehash_policy, std::__detail::_Hashtable_traits<false, false, true> >::_Hashtable<std::pair<GPIO_TypeDef* const, bool> const*>(std::pair<GPIO_TypeDef* const, bool> const*, std::pair<GPIO_TypeDef* const, bool> const*, unsigned int, std::hash<GPIO_TypeDef*> const&, std::equal_to<GPIO_TypeDef*> const&, std::allocator<std::pair<GPIO_TypeDef* const, bool> > const&, std::integral_constant<bool, true>)
                0x08001166                std::_Hashtable<GPIO_TypeDef*, std::pair<GPIO_TypeDef* const, bool>, std::allocator<std::pair<GPIO_TypeDef* const, bool> >, std::__detail::_Select1st, std::equal_to<GPIO_TypeDef*>, std::hash<GPIO_TypeDef*>, std::__detail::_Mod_range_hashing, std::__detail::_Default_ranged_hash, std::__detail::_Prime_rehash_policy, std::__detail::_Hashtable_traits<false, false, true> >::_Hashtable<std::pair<GPIO_TypeDef* const, bool> const*>(std::pair<GPIO_TypeDef* const, bool> const*, std::pair<GPIO_TypeDef* const, bool> const*, unsigned int, std::hash<GPIO_TypeDef*> const&, std::equal_to<GPIO_TypeDef*> const&, std::allocator<std::pair<GPIO_TypeDef* const, bool> > const&, std::integral_constant<bool, true>)
 .text._ZNSt15__new_allocatorINSt8__detail10_Hash_nodeISt4pairIKP12GPIO_TypeDefbELb0EEEED2Ev
                0x080011ac       0x14 ./Core/Src/GPIO/GPIO_Base.o
                0x080011ac                std::__new_allocator<std::__detail::_Hash_node<std::pair<GPIO_TypeDef* const, bool>, false> >::~__new_allocator()
                0x080011ac                std::__new_allocator<std::__detail::_Hash_node<std::pair<GPIO_TypeDef* const, bool>, false> >::~__new_allocator()
 .text._ZNKSt10_HashtableIP12GPIO_TypeDefSt4pairIKS1_bESaIS4_ENSt8__detail10_Select1stESt8equal_toIS1_ESt4hashIS1_ENS6_18_Mod_range_hashingENS6_20_Default_ranged_hashENS6_20_Prime_rehash_policyENS6_17_Hashtable_traitsILb0ELb0ELb1EEEE8_M_beginEv
                0x080011c0       0x16 ./Core/Src/GPIO/GPIO_Base.o
                0x080011c0                std::_Hashtable<GPIO_TypeDef*, std::pair<GPIO_TypeDef* const, bool>, std::allocator<std::pair<GPIO_TypeDef* const, bool> >, std::__detail::_Select1st, std::equal_to<GPIO_TypeDef*>, std::hash<GPIO_TypeDef*>, std::__detail::_Mod_range_hashing, std::__detail::_Default_ranged_hash, std::__detail::_Prime_rehash_policy, std::__detail::_Hashtable_traits<false, false, true> >::_M_begin() const
 .text._ZNSt8__detail16_Hashtable_allocISaINS_10_Hash_nodeISt4pairIKP12GPIO_TypeDefbELb0EEEEE19_M_deallocate_nodesEPS7_
                0x080011d6       0x30 ./Core/Src/GPIO/GPIO_Base.o
                0x080011d6                std::__detail::_Hashtable_alloc<std::allocator<std::__detail::_Hash_node<std::pair<GPIO_TypeDef* const, bool>, false> > >::_M_deallocate_nodes(std::__detail::_Hash_node<std::pair<GPIO_TypeDef* const, bool>, false>*)
 .text._ZNSt10_HashtableIP12GPIO_TypeDefSt4pairIKS1_bESaIS4_ENSt8__detail10_Select1stESt8equal_toIS1_ESt4hashIS1_ENS6_18_Mod_range_hashingENS6_20_Default_ranged_hashENS6_20_Prime_rehash_policyENS6_17_Hashtable_traitsILb0ELb0ELb1EEEE21_M_deallocate_bucketsEPPNS6_15_Hash_node_baseEj
                0x08001206       0x2e ./Core/Src/GPIO/GPIO_Base.o
                0x08001206                std::_Hashtable<GPIO_TypeDef*, std::pair<GPIO_TypeDef* const, bool>, std::allocator<std::pair<GPIO_TypeDef* const, bool> >, std::__detail::_Select1st, std::equal_to<GPIO_TypeDef*>, std::hash<GPIO_TypeDef*>, std::__detail::_Mod_range_hashing, std::__detail::_Default_ranged_hash, std::__detail::_Prime_rehash_policy, std::__detail::_Hashtable_traits<false, false, true> >::_M_deallocate_buckets(std::__detail::_Hash_node_base**, unsigned int)
 .text._ZNKSt8__detail15_Hash_code_baseIP12GPIO_TypeDefSt4pairIKS2_bENS_10_Select1stESt4hashIS2_ENS_18_Mod_range_hashingENS_20_Default_ranged_hashELb0EE7_M_hashEv
                0x08001234       0x18 ./Core/Src/GPIO/GPIO_Base.o
                0x08001234                std::__detail::_Hash_code_base<GPIO_TypeDef*, std::pair<GPIO_TypeDef* const, bool>, std::__detail::_Select1st, std::hash<GPIO_TypeDef*>, std::__detail::_Mod_range_hashing, std::__detail::_Default_ranged_hash, false>::_M_hash() const
 .text._ZNKSt4hashIP12GPIO_TypeDefEclES1_
                0x0800124c       0x16 ./Core/Src/GPIO/GPIO_Base.o
                0x0800124c                std::hash<GPIO_TypeDef*>::operator()(GPIO_TypeDef*) const
 .text._ZNKSt8__detail15_Hash_code_baseIP12GPIO_TypeDefSt4pairIKS2_bENS_10_Select1stESt4hashIS2_ENS_18_Mod_range_hashingENS_20_Default_ranged_hashELb0EE15_M_bucket_indexEjj
                0x08001262       0x24 ./Core/Src/GPIO/GPIO_Base.o
                0x08001262                std::__detail::_Hash_code_base<GPIO_TypeDef*, std::pair<GPIO_TypeDef* const, bool>, std::__detail::_Select1st, std::hash<GPIO_TypeDef*>, std::__detail::_Mod_range_hashing, std::__detail::_Default_ranged_hash, false>::_M_bucket_index(unsigned int, unsigned int) const
 .text._ZNKSt10_HashtableIP12GPIO_TypeDefSt4pairIKS1_bESaIS4_ENSt8__detail10_Select1stESt8equal_toIS1_ESt4hashIS1_ENS6_18_Mod_range_hashingENS6_20_Default_ranged_hashENS6_20_Prime_rehash_policyENS6_17_Hashtable_traitsILb0ELb0ELb1EEEE19_M_find_before_nodeEjRS3_j
                0x08001286       0x8a ./Core/Src/GPIO/GPIO_Base.o
                0x08001286                std::_Hashtable<GPIO_TypeDef*, std::pair<GPIO_TypeDef* const, bool>, std::allocator<std::pair<GPIO_TypeDef* const, bool> >, std::__detail::_Select1st, std::equal_to<GPIO_TypeDef*>, std::hash<GPIO_TypeDef*>, std::__detail::_Mod_range_hashing, std::__detail::_Default_ranged_hash, std::__detail::_Prime_rehash_policy, std::__detail::_Hashtable_traits<false, false, true> >::_M_find_before_node(unsigned int, GPIO_TypeDef* const&, unsigned int) const
 .text._ZNSt8__detail21_Hash_node_value_baseISt4pairIKP12GPIO_TypeDefbEE9_M_valptrEv
                0x08001310       0x1a ./Core/Src/GPIO/GPIO_Base.o
                0x08001310                std::__detail::_Hash_node_value_base<std::pair<GPIO_TypeDef* const, bool> >::_M_valptr()
 .text._ZNSt11_Tuple_implILj0EJRKP12GPIO_TypeDefEEC2ES3_
                0x0800132a       0x1e ./Core/Src/GPIO/GPIO_Base.o
                0x0800132a                std::_Tuple_impl<0u, GPIO_TypeDef* const&>::_Tuple_impl(GPIO_TypeDef* const&)
                0x0800132a                std::_Tuple_impl<0u, GPIO_TypeDef* const&>::_Tuple_impl(GPIO_TypeDef* const&)
 .text._ZSt7forwardIRKSt21piecewise_construct_tEOT_RNSt16remove_referenceIS3_E4typeE
                0x08001348       0x14 ./Core/Src/GPIO/GPIO_Base.o
                0x08001348                std::piecewise_construct_t const& std::forward<std::piecewise_construct_t const&>(std::remove_reference<std::piecewise_construct_t const&>::type&)
 .text._ZSt7forwardISt5tupleIJRKP12GPIO_TypeDefEEEOT_RNSt16remove_referenceIS6_E4typeE
                0x0800135c       0x14 ./Core/Src/GPIO/GPIO_Base.o
                0x0800135c                std::tuple<GPIO_TypeDef* const&>&& std::forward<std::tuple<GPIO_TypeDef* const&> >(std::remove_reference<std::tuple<GPIO_TypeDef* const&> >::type&)
 .text._ZSt7forwardISt5tupleIJEEEOT_RNSt16remove_referenceIS2_E4typeE
                0x08001370       0x14 ./Core/Src/GPIO/GPIO_Base.o
                0x08001370                std::tuple<>&& std::forward<std::tuple<> >(std::remove_reference<std::tuple<> >::type&)
 .text._ZNSt8__detail10_Hash_nodeISt4pairIKP12GPIO_TypeDefbELb0EEC2Ev
                0x08001384       0x1a ./Core/Src/GPIO/GPIO_Base.o
                0x08001384                std::__detail::_Hash_node<std::pair<GPIO_TypeDef* const, bool>, false>::_Hash_node()
                0x08001384                std::__detail::_Hash_node<std::pair<GPIO_TypeDef* const, bool>, false>::_Hash_node()
 .text._ZNSt8__detail16_Hashtable_allocISaINS_10_Hash_nodeISt4pairIKP12GPIO_TypeDefbELb0EEEEE16_M_allocate_nodeIJRKSt21piecewise_construct_tSt5tupleIJRS5_EESE_IJEEEEEPS7_DpOT_
                0x0800139e       0x82 ./Core/Src/GPIO/GPIO_Base.o
                0x0800139e                std::__detail::_Hash_node<std::pair<GPIO_TypeDef* const, bool>, false>* std::__detail::_Hashtable_alloc<std::allocator<std::__detail::_Hash_node<std::pair<GPIO_TypeDef* const, bool>, false> > >::_M_allocate_node<std::piecewise_construct_t const&, std::tuple<GPIO_TypeDef* const&>, std::tuple<> >(std::piecewise_construct_t const&, std::tuple<GPIO_TypeDef* const&>&&, std::tuple<>&&)
 .text._ZNSt8__detail16_Hashtable_allocISaINS_10_Hash_nodeISt4pairIKP12GPIO_TypeDefbELb0EEEEE18_M_deallocate_nodeEPS7_
                0x08001420       0x36 ./Core/Src/GPIO/GPIO_Base.o
                0x08001420                std::__detail::_Hashtable_alloc<std::allocator<std::__detail::_Hash_node<std::pair<GPIO_TypeDef* const, bool>, false> > >::_M_deallocate_node(std::__detail::_Hash_node<std::pair<GPIO_TypeDef* const, bool>, false>*)
 .text._ZNSt10_HashtableIP12GPIO_TypeDefSt4pairIKS1_bESaIS4_ENSt8__detail10_Select1stESt8equal_toIS1_ESt4hashIS1_ENS6_18_Mod_range_hashingENS6_20_Default_ranged_hashENS6_20_Prime_rehash_policyENS6_17_Hashtable_traitsILb0ELb0ELb1EEEE9_M_rehashEjRKj
                0x08001456       0x1e ./Core/Src/GPIO/GPIO_Base.o
                0x08001456                std::_Hashtable<GPIO_TypeDef*, std::pair<GPIO_TypeDef* const, bool>, std::allocator<std::pair<GPIO_TypeDef* const, bool> >, std::__detail::_Select1st, std::equal_to<GPIO_TypeDef*>, std::hash<GPIO_TypeDef*>, std::__detail::_Mod_range_hashing, std::__detail::_Default_ranged_hash, std::__detail::_Prime_rehash_policy, std::__detail::_Hashtable_traits<false, false, true> >::_M_rehash(unsigned int, unsigned int const&)
 .text._ZNKSt8__detail15_Hash_code_baseIP12GPIO_TypeDefSt4pairIKS2_bENS_10_Select1stESt4hashIS2_ENS_18_Mod_range_hashingENS_20_Default_ranged_hashELb0EE13_M_store_codeERNS_21_Hash_node_code_cacheILb0EEEj
                0x08001474       0x16 ./Core/Src/GPIO/GPIO_Base.o
                0x08001474                std::__detail::_Hash_code_base<GPIO_TypeDef*, std::pair<GPIO_TypeDef* const, bool>, std::__detail::_Select1st, std::hash<GPIO_TypeDef*>, std::__detail::_Mod_range_hashing, std::__detail::_Default_ranged_hash, false>::_M_store_code(std::__detail::_Hash_node_code_cache<false>&, unsigned int) const
 .text._ZNSt10_HashtableIP12GPIO_TypeDefSt4pairIKS1_bESaIS4_ENSt8__detail10_Select1stESt8equal_toIS1_ESt4hashIS1_ENS6_18_Mod_range_hashingENS6_20_Default_ranged_hashENS6_20_Prime_rehash_policyENS6_17_Hashtable_traitsILb0ELb0ELb1EEEE22_M_insert_bucket_beginEjPNS6_10_Hash_nodeIS4_Lb0EEE
                0x0800148a       0x8e ./Core/Src/GPIO/GPIO_Base.o
                0x0800148a                std::_Hashtable<GPIO_TypeDef*, std::pair<GPIO_TypeDef* const, bool>, std::allocator<std::pair<GPIO_TypeDef* const, bool> >, std::__detail::_Select1st, std::equal_to<GPIO_TypeDef*>, std::hash<GPIO_TypeDef*>, std::__detail::_Mod_range_hashing, std::__detail::_Default_ranged_hash, std::__detail::_Prime_rehash_policy, std::__detail::_Hashtable_traits<false, false, true> >::_M_insert_bucket_begin(unsigned int, std::__detail::_Hash_node<std::pair<GPIO_TypeDef* const, bool>, false>*)
 .text._ZNSt8__detail14_Node_iteratorISt4pairIKP12GPIO_TypeDefbELb0ELb0EEC2EPNS_10_Hash_nodeIS5_Lb0EEE
                0x08001518       0x1e ./Core/Src/GPIO/GPIO_Base.o
                0x08001518                std::__detail::_Node_iterator<std::pair<GPIO_TypeDef* const, bool>, false, false>::_Node_iterator(std::__detail::_Hash_node<std::pair<GPIO_TypeDef* const, bool>, false>*)
                0x08001518                std::__detail::_Node_iterator<std::pair<GPIO_TypeDef* const, bool>, false, false>::_Node_iterator(std::__detail::_Hash_node<std::pair<GPIO_TypeDef* const, bool>, false>*)
 .text._ZNKSt16initializer_listISt4pairIKP12GPIO_TypeDefbEE4sizeEv
                0x08001536       0x16 ./Core/Src/GPIO/GPIO_Base.o
                0x08001536                std::initializer_list<std::pair<GPIO_TypeDef* const, bool> >::size() const
 .text._ZNSt10_HashtableIP12GPIO_TypeDefSt4pairIKS1_bESaIS4_ENSt8__detail10_Select1stESt8equal_toIS1_ESt4hashIS1_ENS6_18_Mod_range_hashingENS6_20_Default_ranged_hashENS6_20_Prime_rehash_policyENS6_17_Hashtable_traitsILb0ELb0ELb1EEEEC2EjRKSB_RKS9_RKS5_
                0x0800154c       0x50 ./Core/Src/GPIO/GPIO_Base.o
                0x0800154c                std::_Hashtable<GPIO_TypeDef*, std::pair<GPIO_TypeDef* const, bool>, std::allocator<std::pair<GPIO_TypeDef* const, bool> >, std::__detail::_Select1st, std::equal_to<GPIO_TypeDef*>, std::hash<GPIO_TypeDef*>, std::__detail::_Mod_range_hashing, std::__detail::_Default_ranged_hash, std::__detail::_Prime_rehash_policy, std::__detail::_Hashtable_traits<false, false, true> >::_Hashtable(unsigned int, std::hash<GPIO_TypeDef*> const&, std::equal_to<GPIO_TypeDef*> const&, std::allocator<std::pair<GPIO_TypeDef* const, bool> > const&)
                0x0800154c                std::_Hashtable<GPIO_TypeDef*, std::pair<GPIO_TypeDef* const, bool>, std::allocator<std::pair<GPIO_TypeDef* const, bool> >, std::__detail::_Select1st, std::equal_to<GPIO_TypeDef*>, std::hash<GPIO_TypeDef*>, std::__detail::_Mod_range_hashing, std::__detail::_Default_ranged_hash, std::__detail::_Prime_rehash_policy, std::__detail::_Hashtable_traits<false, false, true> >::_Hashtable(unsigned int, std::hash<GPIO_TypeDef*> const&, std::equal_to<GPIO_TypeDef*> const&, std::allocator<std::pair<GPIO_TypeDef* const, bool> > const&)
 .text._ZNSt8__detail12_Insert_baseIP12GPIO_TypeDefSt4pairIKS2_bESaIS5_ENS_10_Select1stESt8equal_toIS2_ESt4hashIS2_ENS_18_Mod_range_hashingENS_20_Default_ranged_hashENS_20_Prime_rehash_policyENS_17_Hashtable_traitsILb0ELb0ELb1EEEE6insertERKS5_
                0x0800159c       0x3c ./Core/Src/GPIO/GPIO_Base.o
                0x0800159c                std::__detail::_Insert_base<GPIO_TypeDef*, std::pair<GPIO_TypeDef* const, bool>, std::allocator<std::pair<GPIO_TypeDef* const, bool> >, std::__detail::_Select1st, std::equal_to<GPIO_TypeDef*>, std::hash<GPIO_TypeDef*>, std::__detail::_Mod_range_hashing, std::__detail::_Default_ranged_hash, std::__detail::_Prime_rehash_policy, std::__detail::_Hashtable_traits<false, false, true> >::insert(std::pair<GPIO_TypeDef* const, bool> const&)
 .text._ZNKSt8__detail10_Hash_nodeISt4pairIKP12GPIO_TypeDefbELb0EE7_M_nextEv
                0x080015d8       0x16 ./Core/Src/GPIO/GPIO_Base.o
                0x080015d8                std::__detail::_Hash_node<std::pair<GPIO_TypeDef* const, bool>, false>::_M_next() const
 .text._ZNKSt10_HashtableIP12GPIO_TypeDefSt4pairIKS1_bESaIS4_ENSt8__detail10_Select1stESt8equal_toIS1_ESt4hashIS1_ENS6_18_Mod_range_hashingENS6_20_Default_ranged_hashENS6_20_Prime_rehash_policyENS6_17_Hashtable_traitsILb0ELb0ELb1EEEE21_M_uses_single_bucketEPPNS6_15_Hash_node_baseE
                0x080015ee       0x2e ./Core/Src/GPIO/GPIO_Base.o
                0x080015ee                std::_Hashtable<GPIO_TypeDef*, std::pair<GPIO_TypeDef* const, bool>, std::allocator<std::pair<GPIO_TypeDef* const, bool> >, std::__detail::_Select1st, std::equal_to<GPIO_TypeDef*>, std::hash<GPIO_TypeDef*>, std::__detail::_Mod_range_hashing, std::__detail::_Default_ranged_hash, std::__detail::_Prime_rehash_policy, std::__detail::_Hashtable_traits<false, false, true> >::_M_uses_single_bucket(std::__detail::_Hash_node_base**) const
 .text._ZNSt8__detail16_Hashtable_allocISaINS_10_Hash_nodeISt4pairIKP12GPIO_TypeDefbELb0EEEEE21_M_deallocate_bucketsEPPNS_15_Hash_node_baseEj
                0x0800161c       0x46 ./Core/Src/GPIO/GPIO_Base.o
                0x0800161c                std::__detail::_Hashtable_alloc<std::allocator<std::__detail::_Hash_node<std::pair<GPIO_TypeDef* const, bool>, false> > >::_M_deallocate_buckets(std::__detail::_Hash_node_base**, unsigned int)
 .text._ZNKSt8__detail21_Hashtable_ebo_helperILi1ESt4hashIP12GPIO_TypeDefELb1EE7_M_cgetEv
                0x08001662       0x14 ./Core/Src/GPIO/GPIO_Base.o
                0x08001662                std::__detail::_Hashtable_ebo_helper<1, std::hash<GPIO_TypeDef*>, true>::_M_cget() const
 .text._ZNKSt8__detail15_Hashtable_baseIP12GPIO_TypeDefSt4pairIKS2_bENS_10_Select1stESt8equal_toIS2_ESt4hashIS2_ENS_18_Mod_range_hashingENS_20_Default_ranged_hashENS_17_Hashtable_traitsILb0ELb0ELb1EEEE9_M_equalsERS4_jRKNS_16_Hash_node_valueIS5_Lb0EEE
                0x08001676       0x3a ./Core/Src/GPIO/GPIO_Base.o
                0x08001676                std::__detail::_Hashtable_base<GPIO_TypeDef*, std::pair<GPIO_TypeDef* const, bool>, std::__detail::_Select1st, std::equal_to<GPIO_TypeDef*>, std::hash<GPIO_TypeDef*>, std::__detail::_Mod_range_hashing, std::__detail::_Default_ranged_hash, std::__detail::_Hashtable_traits<false, false, true> >::_M_equals(GPIO_TypeDef* const&, unsigned int, std::__detail::_Hash_node_value<std::pair<GPIO_TypeDef* const, bool>, false> const&) const
 .text._ZNKSt10_HashtableIP12GPIO_TypeDefSt4pairIKS1_bESaIS4_ENSt8__detail10_Select1stESt8equal_toIS1_ESt4hashIS1_ENS6_18_Mod_range_hashingENS6_20_Default_ranged_hashENS6_20_Prime_rehash_policyENS6_17_Hashtable_traitsILb0ELb0ELb1EEEE15_M_bucket_indexERKNS6_16_Hash_node_valueIS4_Lb0EEE
                0x080016b0       0x22 ./Core/Src/GPIO/GPIO_Base.o
                0x080016b0                std::_Hashtable<GPIO_TypeDef*, std::pair<GPIO_TypeDef* const, bool>, std::allocator<std::pair<GPIO_TypeDef* const, bool> >, std::__detail::_Select1st, std::equal_to<GPIO_TypeDef*>, std::hash<GPIO_TypeDef*>, std::__detail::_Mod_range_hashing, std::__detail::_Default_ranged_hash, std::__detail::_Prime_rehash_policy, std::__detail::_Hashtable_traits<false, false, true> >::_M_bucket_index(std::__detail::_Hash_node_value<std::pair<GPIO_TypeDef* const, bool>, false> const&) const
 .text._ZN9__gnu_cxx16__aligned_bufferISt4pairIKP12GPIO_TypeDefbEE6_M_ptrEv
                0x080016d2       0x18 ./Core/Src/GPIO/GPIO_Base.o
                0x080016d2                __gnu_cxx::__aligned_buffer<std::pair<GPIO_TypeDef* const, bool> >::_M_ptr()
 .text._ZNSt10_Head_baseILj0ERKP12GPIO_TypeDefLb0EEC2ES3_
                0x080016ea       0x1c ./Core/Src/GPIO/GPIO_Base.o
                0x080016ea                std::_Head_base<0u, GPIO_TypeDef* const&, false>::_Head_base(GPIO_TypeDef* const&)
                0x080016ea                std::_Head_base<0u, GPIO_TypeDef* const&, false>::_Head_base(GPIO_TypeDef* const&)
 .text._ZNSt8__detail16_Hashtable_allocISaINS_10_Hash_nodeISt4pairIKP12GPIO_TypeDefbELb0EEEEE17_M_node_allocatorEv
                0x08001706       0x18 ./Core/Src/GPIO/GPIO_Base.o
                0x08001706                std::__detail::_Hashtable_alloc<std::allocator<std::__detail::_Hash_node<std::pair<GPIO_TypeDef* const, bool>, false> > >::_M_node_allocator()
 .text._ZNSt16allocator_traitsISaINSt8__detail10_Hash_nodeISt4pairIKP12GPIO_TypeDefbELb0EEEEE8allocateERS8_j
                0x0800171e       0x1e ./Core/Src/GPIO/GPIO_Base.o
                0x0800171e                std::allocator_traits<std::allocator<std::__detail::_Hash_node<std::pair<GPIO_TypeDef* const, bool>, false> > >::allocate(std::allocator<std::__detail::_Hash_node<std::pair<GPIO_TypeDef* const, bool>, false> >&, unsigned int)
 .text._ZSt12__to_addressINSt8__detail10_Hash_nodeISt4pairIKP12GPIO_TypeDefbELb0EEEEPT_S9_
                0x0800173c       0x14 ./Core/Src/GPIO/GPIO_Base.o
                0x0800173c                std::__detail::_Hash_node<std::pair<GPIO_TypeDef* const, bool>, false>* std::__to_address<std::__detail::_Hash_node<std::pair<GPIO_TypeDef* const, bool>, false> >(std::__detail::_Hash_node<std::pair<GPIO_TypeDef* const, bool>, false>*)
 .text._ZNSt16allocator_traitsISaINSt8__detail10_Hash_nodeISt4pairIKP12GPIO_TypeDefbELb0EEEEE9constructIS6_JRKSt21piecewise_construct_tSt5tupleIJRS5_EESE_IJEEEEEvRS8_PT_DpOT0_
                0x08001750       0x3c ./Core/Src/GPIO/GPIO_Base.o
                0x08001750                void std::allocator_traits<std::allocator<std::__detail::_Hash_node<std::pair<GPIO_TypeDef* const, bool>, false> > >::construct<std::pair<GPIO_TypeDef* const, bool>, std::piecewise_construct_t const&, std::tuple<GPIO_TypeDef* const&>, std::tuple<> >(std::allocator<std::__detail::_Hash_node<std::pair<GPIO_TypeDef* const, bool>, false> >&, std::pair<GPIO_TypeDef* const, bool>*, std::piecewise_construct_t const&, std::tuple<GPIO_TypeDef* const&>&&, std::tuple<>&&)
 .text._ZNSt16allocator_traitsISaINSt8__detail10_Hash_nodeISt4pairIKP12GPIO_TypeDefbELb0EEEEE10deallocateERS8_PS7_j
                0x0800178c       0x1e ./Core/Src/GPIO/GPIO_Base.o
                0x0800178c                std::allocator_traits<std::allocator<std::__detail::_Hash_node<std::pair<GPIO_TypeDef* const, bool>, false> > >::deallocate(std::allocator<std::__detail::_Hash_node<std::pair<GPIO_TypeDef* const, bool>, false> >&, std::__detail::_Hash_node<std::pair<GPIO_TypeDef* const, bool>, false>*, unsigned int)
 .text._ZNSt16allocator_traitsISaINSt8__detail10_Hash_nodeISt4pairIKP12GPIO_TypeDefbELb0EEEEE7destroyIS6_EEvRS8_PT_
                0x080017aa       0x1a ./Core/Src/GPIO/GPIO_Base.o
                0x080017aa                void std::allocator_traits<std::allocator<std::__detail::_Hash_node<std::pair<GPIO_TypeDef* const, bool>, false> > >::destroy<std::pair<GPIO_TypeDef* const, bool> >(std::allocator<std::__detail::_Hash_node<std::pair<GPIO_TypeDef* const, bool>, false> >&, std::pair<GPIO_TypeDef* const, bool>*)
 .text._ZNSt8__detail16_Hashtable_allocISaINS_10_Hash_nodeISt4pairIKP12GPIO_TypeDefbELb0EEEEE22_M_deallocate_node_ptrEPS7_
                0x080017c4       0x2c ./Core/Src/GPIO/GPIO_Base.o
                0x080017c4                std::__detail::_Hashtable_alloc<std::allocator<std::__detail::_Hash_node<std::pair<GPIO_TypeDef* const, bool>, false> > >::_M_deallocate_node_ptr(std::__detail::_Hash_node<std::pair<GPIO_TypeDef* const, bool>, false>*)
 .text._ZNSt10_HashtableIP12GPIO_TypeDefSt4pairIKS1_bESaIS4_ENSt8__detail10_Select1stESt8equal_toIS1_ESt4hashIS1_ENS6_18_Mod_range_hashingENS6_20_Default_ranged_hashENS6_20_Prime_rehash_policyENS6_17_Hashtable_traitsILb0ELb0ELb1EEEE13_M_rehash_auxEjSt17integral_constantIbLb1EE
                0x080017f0       0xc8 ./Core/Src/GPIO/GPIO_Base.o
                0x080017f0                std::_Hashtable<GPIO_TypeDef*, std::pair<GPIO_TypeDef* const, bool>, std::allocator<std::pair<GPIO_TypeDef* const, bool> >, std::__detail::_Select1st, std::equal_to<GPIO_TypeDef*>, std::hash<GPIO_TypeDef*>, std::__detail::_Mod_range_hashing, std::__detail::_Default_ranged_hash, std::__detail::_Prime_rehash_policy, std::__detail::_Hashtable_traits<false, false, true> >::_M_rehash_aux(unsigned int, std::integral_constant<bool, true>)
 .text._ZNSt8__detail19_Node_iterator_baseISt4pairIKP12GPIO_TypeDefbELb0EEC2EPNS_10_Hash_nodeIS5_Lb0EEE
                0x080018b8       0x1c ./Core/Src/GPIO/GPIO_Base.o
                0x080018b8                std::__detail::_Node_iterator_base<std::pair<GPIO_TypeDef* const, bool>, false>::_Node_iterator_base(std::__detail::_Hash_node<std::pair<GPIO_TypeDef* const, bool>, false>*)
                0x080018b8                std::__detail::_Node_iterator_base<std::pair<GPIO_TypeDef* const, bool>, false>::_Node_iterator_base(std::__detail::_Hash_node<std::pair<GPIO_TypeDef* const, bool>, false>*)
 .text._ZNSt10_HashtableIP12GPIO_TypeDefSt4pairIKS1_bESaIS4_ENSt8__detail10_Select1stESt8equal_toIS1_ESt4hashIS1_ENS6_18_Mod_range_hashingENS6_20_Default_ranged_hashENS6_20_Prime_rehash_policyENS6_17_Hashtable_traitsILb0ELb0ELb1EEEEC2ERKSB_RKS9_RKS5_
                0x080018d4       0x80 ./Core/Src/GPIO/GPIO_Base.o
                0x080018d4                std::_Hashtable<GPIO_TypeDef*, std::pair<GPIO_TypeDef* const, bool>, std::allocator<std::pair<GPIO_TypeDef* const, bool> >, std::__detail::_Select1st, std::equal_to<GPIO_TypeDef*>, std::hash<GPIO_TypeDef*>, std::__detail::_Mod_range_hashing, std::__detail::_Default_ranged_hash, std::__detail::_Prime_rehash_policy, std::__detail::_Hashtable_traits<false, false, true> >::_Hashtable(std::hash<GPIO_TypeDef*> const&, std::equal_to<GPIO_TypeDef*> const&, std::allocator<std::pair<GPIO_TypeDef* const, bool> > const&)
                0x080018d4                std::_Hashtable<GPIO_TypeDef*, std::pair<GPIO_TypeDef* const, bool>, std::allocator<std::pair<GPIO_TypeDef* const, bool> >, std::__detail::_Select1st, std::equal_to<GPIO_TypeDef*>, std::hash<GPIO_TypeDef*>, std::__detail::_Mod_range_hashing, std::__detail::_Default_ranged_hash, std::__detail::_Prime_rehash_policy, std::__detail::_Hashtable_traits<false, false, true> >::_Hashtable(std::hash<GPIO_TypeDef*> const&, std::equal_to<GPIO_TypeDef*> const&, std::allocator<std::pair<GPIO_TypeDef* const, bool> > const&)
 .text._ZNSt10_HashtableIP12GPIO_TypeDefSt4pairIKS1_bESaIS4_ENSt8__detail10_Select1stESt8equal_toIS1_ESt4hashIS1_ENS6_18_Mod_range_hashingENS6_20_Default_ranged_hashENS6_20_Prime_rehash_policyENS6_17_Hashtable_traitsILb0ELb0ELb1EEEE19_M_allocate_bucketsEj
                0x08001954       0x3a ./Core/Src/GPIO/GPIO_Base.o
                0x08001954                std::_Hashtable<GPIO_TypeDef*, std::pair<GPIO_TypeDef* const, bool>, std::allocator<std::pair<GPIO_TypeDef* const, bool> >, std::__detail::_Select1st, std::equal_to<GPIO_TypeDef*>, std::hash<GPIO_TypeDef*>, std::__detail::_Mod_range_hashing, std::__detail::_Default_ranged_hash, std::__detail::_Prime_rehash_policy, std::__detail::_Hashtable_traits<false, false, true> >::_M_allocate_buckets(unsigned int)
 .text._ZNSt8__detail12_Insert_baseIP12GPIO_TypeDefSt4pairIKS2_bESaIS5_ENS_10_Select1stESt8equal_toIS2_ESt4hashIS2_ENS_18_Mod_range_hashingENS_20_Default_ranged_hashENS_20_Prime_rehash_policyENS_17_Hashtable_traitsILb0ELb0ELb1EEEE20_M_conjure_hashtableEv
                0x0800198e       0x14 ./Core/Src/GPIO/GPIO_Base.o
                0x0800198e                std::__detail::_Insert_base<GPIO_TypeDef*, std::pair<GPIO_TypeDef* const, bool>, std::allocator<std::pair<GPIO_TypeDef* const, bool> >, std::__detail::_Select1st, std::equal_to<GPIO_TypeDef*>, std::hash<GPIO_TypeDef*>, std::__detail::_Mod_range_hashing, std::__detail::_Default_ranged_hash, std::__detail::_Prime_rehash_policy, std::__detail::_Hashtable_traits<false, false, true> >::_M_conjure_hashtable()
 .text._ZNSt8__detail10_AllocNodeISaINS_10_Hash_nodeISt4pairIKP12GPIO_TypeDefbELb0EEEEEC2ERNS_16_Hashtable_allocIS8_EE
                0x080019a2       0x1c ./Core/Src/GPIO/GPIO_Base.o
                0x080019a2                std::__detail::_AllocNode<std::allocator<std::__detail::_Hash_node<std::pair<GPIO_TypeDef* const, bool>, false> > >::_AllocNode(std::__detail::_Hashtable_alloc<std::allocator<std::__detail::_Hash_node<std::pair<GPIO_TypeDef* const, bool>, false> > >&)
                0x080019a2                std::__detail::_AllocNode<std::allocator<std::__detail::_Hash_node<std::pair<GPIO_TypeDef* const, bool>, false> > >::_AllocNode(std::__detail::_Hashtable_alloc<std::allocator<std::__detail::_Hash_node<std::pair<GPIO_TypeDef* const, bool>, false> > >&)
 .text._ZNSt10_HashtableIP12GPIO_TypeDefSt4pairIKS1_bESaIS4_ENSt8__detail10_Select1stESt8equal_toIS1_ESt4hashIS1_ENS6_18_Mod_range_hashingENS6_20_Default_ranged_hashENS6_20_Prime_rehash_policyENS6_17_Hashtable_traitsILb0ELb0ELb1EEEE9_M_insertIRKS4_NS6_10_AllocNodeISaINS6_10_Hash_nodeIS4_Lb0EEEEEEEES2_INS6_14_Node_iteratorIS4_Lb0ELb0EEEbEOT_RKT0_St17integral_constantIbLb1EE
                0x080019be       0x4e ./Core/Src/GPIO/GPIO_Base.o
                0x080019be                std::pair<std::__detail::_Node_iterator<std::pair<GPIO_TypeDef* const, bool>, false, false>, bool> std::_Hashtable<GPIO_TypeDef*, std::pair<GPIO_TypeDef* const, bool>, std::allocator<std::pair<GPIO_TypeDef* const, bool> >, std::__detail::_Select1st, std::equal_to<GPIO_TypeDef*>, std::hash<GPIO_TypeDef*>, std::__detail::_Mod_range_hashing, std::__detail::_Default_ranged_hash, std::__detail::_Prime_rehash_policy, std::__detail::_Hashtable_traits<false, false, true> >::_M_insert<std::pair<GPIO_TypeDef* const, bool> const&, std::__detail::_AllocNode<std::allocator<std::__detail::_Hash_node<std::pair<GPIO_TypeDef* const, bool>, false> > > >(std::pair<GPIO_TypeDef* const, bool> const&, std::__detail::_AllocNode<std::allocator<std::__detail::_Hash_node<std::pair<GPIO_TypeDef* const, bool>, false> > > const&, std::integral_constant<bool, true>)
 .text._ZNSt19__ptr_traits_ptr_toIPPNSt8__detail15_Hash_node_baseES2_Lb0EE10pointer_toERS2_
                0x08001a0c       0x18 ./Core/Src/GPIO/GPIO_Base.o
                0x08001a0c                std::__ptr_traits_ptr_to<std::__detail::_Hash_node_base**, std::__detail::_Hash_node_base*, false>::pointer_to(std::__detail::_Hash_node_base*&)
 .text._ZNSaIPNSt8__detail15_Hash_node_baseEEC2INS_10_Hash_nodeISt4pairIKP12GPIO_TypeDefbELb0EEEEERKSaIT_E
                0x08001a24       0x1a ./Core/Src/GPIO/GPIO_Base.o
                0x08001a24                std::allocator<std::__detail::_Hash_node_base*>::allocator<std::__detail::_Hash_node<std::pair<GPIO_TypeDef* const, bool>, false> >(std::allocator<std::__detail::_Hash_node<std::pair<GPIO_TypeDef* const, bool>, false> > const&)
                0x08001a24                std::allocator<std::__detail::_Hash_node_base*>::allocator<std::__detail::_Hash_node<std::pair<GPIO_TypeDef* const, bool>, false> >(std::allocator<std::__detail::_Hash_node<std::pair<GPIO_TypeDef* const, bool>, false> > const&)
 .text._ZNSaIPNSt8__detail15_Hash_node_baseEED2Ev
                0x08001a3e       0x18 ./Core/Src/GPIO/GPIO_Base.o
                0x08001a3e                std::allocator<std::__detail::_Hash_node_base*>::~allocator()
                0x08001a3e                std::allocator<std::__detail::_Hash_node_base*>::~allocator()
 .text._ZNSt16allocator_traitsISaIPNSt8__detail15_Hash_node_baseEEE10deallocateERS3_PS2_j
                0x08001a56       0x1e ./Core/Src/GPIO/GPIO_Base.o
                0x08001a56                std::allocator_traits<std::allocator<std::__detail::_Hash_node_base*> >::deallocate(std::allocator<std::__detail::_Hash_node_base*>&, std::__detail::_Hash_node_base**, unsigned int)
 .text._ZNSt8__detail15_Hashtable_baseIP12GPIO_TypeDefSt4pairIKS2_bENS_10_Select1stESt8equal_toIS2_ESt4hashIS2_ENS_18_Mod_range_hashingENS_20_Default_ranged_hashENS_17_Hashtable_traitsILb0ELb0ELb1EEEE9_S_equalsEjRKNS_21_Hash_node_code_cacheILb0EEE
                0x08001a74       0x16 ./Core/Src/GPIO/GPIO_Base.o
                0x08001a74                std::__detail::_Hashtable_base<GPIO_TypeDef*, std::pair<GPIO_TypeDef* const, bool>, std::__detail::_Select1st, std::equal_to<GPIO_TypeDef*>, std::hash<GPIO_TypeDef*>, std::__detail::_Mod_range_hashing, std::__detail::_Default_ranged_hash, std::__detail::_Hashtable_traits<false, false, true> >::_S_equals(unsigned int, std::__detail::_Hash_node_code_cache<false> const&)
 .text._ZNKSt8__detail15_Hashtable_baseIP12GPIO_TypeDefSt4pairIKS2_bENS_10_Select1stESt8equal_toIS2_ESt4hashIS2_ENS_18_Mod_range_hashingENS_20_Default_ranged_hashENS_17_Hashtable_traitsILb0ELb0ELb1EEEE13_M_key_equalsERS4_RKNS_16_Hash_node_valueIS5_Lb0EEE
                0x08001a8a       0x40 ./Core/Src/GPIO/GPIO_Base.o
                0x08001a8a                std::__detail::_Hashtable_base<GPIO_TypeDef*, std::pair<GPIO_TypeDef* const, bool>, std::__detail::_Select1st, std::equal_to<GPIO_TypeDef*>, std::hash<GPIO_TypeDef*>, std::__detail::_Mod_range_hashing, std::__detail::_Default_ranged_hash, std::__detail::_Hashtable_traits<false, false, true> >::_M_key_equals(GPIO_TypeDef* const&, std::__detail::_Hash_node_value<std::pair<GPIO_TypeDef* const, bool>, false> const&) const
 .text._ZNKSt8__detail15_Hash_code_baseIP12GPIO_TypeDefSt4pairIKS2_bENS_10_Select1stESt4hashIS2_ENS_18_Mod_range_hashingENS_20_Default_ranged_hashELb0EE15_M_bucket_indexERKNS_16_Hash_node_valueIS5_Lb0EEEj
                0x08001aca       0x44 ./Core/Src/GPIO/GPIO_Base.o
                0x08001aca                std::__detail::_Hash_code_base<GPIO_TypeDef*, std::pair<GPIO_TypeDef* const, bool>, std::__detail::_Select1st, std::hash<GPIO_TypeDef*>, std::__detail::_Mod_range_hashing, std::__detail::_Default_ranged_hash, false>::_M_bucket_index(std::__detail::_Hash_node_value<std::pair<GPIO_TypeDef* const, bool>, false> const&, unsigned int) const
 .text._ZN9__gnu_cxx16__aligned_bufferISt4pairIKP12GPIO_TypeDefbEE7_M_addrEv
                0x08001b0e       0x14 ./Core/Src/GPIO/GPIO_Base.o
                0x08001b0e                __gnu_cxx::__aligned_buffer<std::pair<GPIO_TypeDef* const, bool> >::_M_addr()
 .text._ZNSt8__detail21_Hashtable_ebo_helperILi0ESaINS_10_Hash_nodeISt4pairIKP12GPIO_TypeDefbELb0EEEELb1EE6_M_getEv
                0x08001b22       0x14 ./Core/Src/GPIO/GPIO_Base.o
                0x08001b22                std::__detail::_Hashtable_ebo_helper<0, std::allocator<std::__detail::_Hash_node<std::pair<GPIO_TypeDef* const, bool>, false> >, true>::_M_get()
 *fill*         0x08001b36        0x2 
 .text._ZNSt15__new_allocatorINSt8__detail10_Hash_nodeISt4pairIKP12GPIO_TypeDefbELb0EEEE8allocateEjPKv
                0x08001b38       0x5c ./Core/Src/GPIO/GPIO_Base.o
                0x08001b38                std::__new_allocator<std::__detail::_Hash_node<std::pair<GPIO_TypeDef* const, bool>, false> >::allocate(unsigned int, void const*)
 .text._ZNSt5tupleIJRKP12GPIO_TypeDefEEC2EOS4_
                0x08001b94       0x20 ./Core/Src/GPIO/GPIO_Base.o
                0x08001b94                std::tuple<GPIO_TypeDef* const&>::tuple(std::tuple<GPIO_TypeDef* const&>&&)
                0x08001b94                std::tuple<GPIO_TypeDef* const&>::tuple(std::tuple<GPIO_TypeDef* const&>&&)
 .text._ZNSt15__new_allocatorINSt8__detail10_Hash_nodeISt4pairIKP12GPIO_TypeDefbELb0EEEE9constructIS6_JRKSt21piecewise_construct_tSt5tupleIJRS5_EESD_IJEEEEEvPT_DpOT0_
                0x08001bb4       0x50 ./Core/Src/GPIO/GPIO_Base.o
                0x08001bb4                void std::__new_allocator<std::__detail::_Hash_node<std::pair<GPIO_TypeDef* const, bool>, false> >::construct<std::pair<GPIO_TypeDef* const, bool>, std::piecewise_construct_t const&, std::tuple<GPIO_TypeDef* const&>, std::tuple<> >(std::pair<GPIO_TypeDef* const, bool>*, std::piecewise_construct_t const&, std::tuple<GPIO_TypeDef* const&>&&, std::tuple<>&&)
 .text._ZNSt15__new_allocatorINSt8__detail10_Hash_nodeISt4pairIKP12GPIO_TypeDefbELb0EEEE10deallocateEPS7_j
                0x08001c04       0x26 ./Core/Src/GPIO/GPIO_Base.o
                0x08001c04                std::__new_allocator<std::__detail::_Hash_node<std::pair<GPIO_TypeDef* const, bool>, false> >::deallocate(std::__detail::_Hash_node<std::pair<GPIO_TypeDef* const, bool>, false>*, unsigned int)
 .text._ZNSt15__new_allocatorINSt8__detail10_Hash_nodeISt4pairIKP12GPIO_TypeDefbELb0EEEE7destroyIS6_EEvPT_
                0x08001c2a       0x14 ./Core/Src/GPIO/GPIO_Base.o
                0x08001c2a                void std::__new_allocator<std::__detail::_Hash_node<std::pair<GPIO_TypeDef* const, bool>, false> >::destroy<std::pair<GPIO_TypeDef* const, bool> >(std::pair<GPIO_TypeDef* const, bool>*)
 .text._ZNSt19__ptr_traits_ptr_toIPNSt8__detail10_Hash_nodeISt4pairIKP12GPIO_TypeDefbELb0EEES7_Lb0EE10pointer_toERS7_
                0x08001c3e       0x18 ./Core/Src/GPIO/GPIO_Base.o
                0x08001c3e                std::__ptr_traits_ptr_to<std::__detail::_Hash_node<std::pair<GPIO_TypeDef* const, bool>, false>*, std::__detail::_Hash_node<std::pair<GPIO_TypeDef* const, bool>, false>, false>::pointer_to(std::__detail::_Hash_node<std::pair<GPIO_TypeDef* const, bool>, false>&)
 .text._ZNSaINSt8__detail10_Hash_nodeISt4pairIKP12GPIO_TypeDefbELb0EEEEC2IS5_EERKSaIT_E
                0x08001c56       0x1a ./Core/Src/GPIO/GPIO_Base.o
                0x08001c56                std::allocator<std::__detail::_Hash_node<std::pair<GPIO_TypeDef* const, bool>, false> >::allocator<std::pair<GPIO_TypeDef* const, bool> >(std::allocator<std::pair<GPIO_TypeDef* const, bool> > const&)
                0x08001c56                std::allocator<std::__detail::_Hash_node<std::pair<GPIO_TypeDef* const, bool>, false> >::allocator<std::pair<GPIO_TypeDef* const, bool> >(std::allocator<std::pair<GPIO_TypeDef* const, bool> > const&)
 .text._ZNSt8__detail15_Hashtable_baseIP12GPIO_TypeDefSt4pairIKS2_bENS_10_Select1stESt8equal_toIS2_ESt4hashIS2_ENS_18_Mod_range_hashingENS_20_Default_ranged_hashENS_17_Hashtable_traitsILb0ELb0ELb1EEEEC2ERKSA_RKS8_
                0x08001c70       0x26 ./Core/Src/GPIO/GPIO_Base.o
                0x08001c70                std::__detail::_Hashtable_base<GPIO_TypeDef*, std::pair<GPIO_TypeDef* const, bool>, std::__detail::_Select1st, std::equal_to<GPIO_TypeDef*>, std::hash<GPIO_TypeDef*>, std::__detail::_Mod_range_hashing, std::__detail::_Default_ranged_hash, std::__detail::_Hashtable_traits<false, false, true> >::_Hashtable_base(std::hash<GPIO_TypeDef*> const&, std::equal_to<GPIO_TypeDef*> const&)
                0x08001c70                std::__detail::_Hashtable_base<GPIO_TypeDef*, std::pair<GPIO_TypeDef* const, bool>, std::__detail::_Select1st, std::equal_to<GPIO_TypeDef*>, std::hash<GPIO_TypeDef*>, std::__detail::_Mod_range_hashing, std::__detail::_Default_ranged_hash, std::__detail::_Hashtable_traits<false, false, true> >::_Hashtable_base(std::hash<GPIO_TypeDef*> const&, std::equal_to<GPIO_TypeDef*> const&)
 .text._ZNSt8__detail16_Hashtable_allocISaINS_10_Hash_nodeISt4pairIKP12GPIO_TypeDefbELb0EEEEEC2IS8_EEOT_
                0x08001c96       0x24 ./Core/Src/GPIO/GPIO_Base.o
                0x08001c96                std::__detail::_Hashtable_alloc<std::allocator<std::__detail::_Hash_node<std::pair<GPIO_TypeDef* const, bool>, false> > >::_Hashtable_alloc<std::allocator<std::__detail::_Hash_node<std::pair<GPIO_TypeDef* const, bool>, false> > >(std::allocator<std::__detail::_Hash_node<std::pair<GPIO_TypeDef* const, bool>, false> >&&)
                0x08001c96                std::__detail::_Hashtable_alloc<std::allocator<std::__detail::_Hash_node<std::pair<GPIO_TypeDef* const, bool>, false> > >::_Hashtable_alloc<std::allocator<std::__detail::_Hash_node<std::pair<GPIO_TypeDef* const, bool>, false> > >(std::allocator<std::__detail::_Hash_node<std::pair<GPIO_TypeDef* const, bool>, false> >&&)
 .text._ZNSt27_Enable_default_constructorILb1ENSt8__detail15_Hash_node_baseEEC2ESt31_Enable_default_constructor_tag
                0x08001cba       0x16 ./Core/Src/GPIO/GPIO_Base.o
                0x08001cba                std::_Enable_default_constructor<true, std::__detail::_Hash_node_base>::_Enable_default_constructor(std::_Enable_default_constructor_tag)
                0x08001cba                std::_Enable_default_constructor<true, std::__detail::_Hash_node_base>::_Enable_default_constructor(std::_Enable_default_constructor_tag)
 .text._ZNSt8__detail16_Hashtable_allocISaINS_10_Hash_nodeISt4pairIKP12GPIO_TypeDefbELb0EEEEE19_M_allocate_bucketsEj
                0x08001cd0       0x5a ./Core/Src/GPIO/GPIO_Base.o
                0x08001cd0                std::__detail::_Hashtable_alloc<std::allocator<std::__detail::_Hash_node<std::pair<GPIO_TypeDef* const, bool>, false> > >::_M_allocate_buckets(unsigned int)
 .text._ZSt7forwardIRKSt4pairIKP12GPIO_TypeDefbEEOT_RNSt16remove_referenceIS7_E4typeE
                0x08001d2a       0x14 ./Core/Src/GPIO/GPIO_Base.o
                0x08001d2a                std::pair<GPIO_TypeDef* const, bool> const& std::forward<std::pair<GPIO_TypeDef* const, bool> const&>(std::remove_reference<std::pair<GPIO_TypeDef* const, bool> const&>::type&)
 .text._ZNKSt8__detail10_Select1stclIRKSt4pairIKP12GPIO_TypeDefbEEEONS0_10__1st_typeIT_E4typeEOSA_
                0x08001d3e       0x1a ./Core/Src/GPIO/GPIO_Base.o
                0x08001d3e                std::__detail::_Select1st::__1st_type<std::pair<GPIO_TypeDef* const, bool> const&>::type&& std::__detail::_Select1st::operator()<std::pair<GPIO_TypeDef* const, bool> const&>(std::pair<GPIO_TypeDef* const, bool> const&) const
 .text._ZNSt10_HashtableIP12GPIO_TypeDefSt4pairIKS1_bESaIS4_ENSt8__detail10_Select1stESt8equal_toIS1_ESt4hashIS1_ENS6_18_Mod_range_hashingENS6_20_Default_ranged_hashENS6_20_Prime_rehash_policyENS6_17_Hashtable_traitsILb0ELb0ELb1EEEE14_S_forward_keyERS3_
                0x08001d58       0x14 ./Core/Src/GPIO/GPIO_Base.o
                0x08001d58                std::_Hashtable<GPIO_TypeDef*, std::pair<GPIO_TypeDef* const, bool>, std::allocator<std::pair<GPIO_TypeDef* const, bool> >, std::__detail::_Select1st, std::equal_to<GPIO_TypeDef*>, std::hash<GPIO_TypeDef*>, std::__detail::_Mod_range_hashing, std::__detail::_Default_ranged_hash, std::__detail::_Prime_rehash_policy, std::__detail::_Hashtable_traits<false, false, true> >::_S_forward_key(GPIO_TypeDef* const&)
 .text._ZNSt10_HashtableIP12GPIO_TypeDefSt4pairIKS1_bESaIS4_ENSt8__detail10_Select1stESt8equal_toIS1_ESt4hashIS1_ENS6_18_Mod_range_hashingENS6_20_Default_ranged_hashENS6_20_Prime_rehash_policyENS6_17_Hashtable_traitsILb0ELb0ELb1EEEE16_M_insert_uniqueIRS3_RKS4_NS6_10_AllocNodeISaINS6_10_Hash_nodeIS4_Lb0EEEEEEEES2_INS6_14_Node_iteratorIS4_Lb0ELb0EEEbEOT_OT0_RKT1_
                0x08001d6c      0x15c ./Core/Src/GPIO/GPIO_Base.o
                0x08001d6c                std::pair<std::__detail::_Node_iterator<std::pair<GPIO_TypeDef* const, bool>, false, false>, bool> std::_Hashtable<GPIO_TypeDef*, std::pair<GPIO_TypeDef* const, bool>, std::allocator<std::pair<GPIO_TypeDef* const, bool> >, std::__detail::_Select1st, std::equal_to<GPIO_TypeDef*>, std::hash<GPIO_TypeDef*>, std::__detail::_Mod_range_hashing, std::__detail::_Default_ranged_hash, std::__detail::_Prime_rehash_policy, std::__detail::_Hashtable_traits<false, false, true> >::_M_insert_unique<GPIO_TypeDef* const&, std::pair<GPIO_TypeDef* const, bool> const&, std::__detail::_AllocNode<std::allocator<std::__detail::_Hash_node<std::pair<GPIO_TypeDef* const, bool>, false> > > >(GPIO_TypeDef* const&, std::pair<GPIO_TypeDef* const, bool> const&, std::__detail::_AllocNode<std::allocator<std::__detail::_Hash_node<std::pair<GPIO_TypeDef* const, bool>, false> > > const&)
 .text._ZSt9addressofIPNSt8__detail15_Hash_node_baseEEPT_RS3_
                0x08001ec8       0x18 ./Core/Src/GPIO/GPIO_Base.o
                0x08001ec8                std::__detail::_Hash_node_base** std::addressof<std::__detail::_Hash_node_base*>(std::__detail::_Hash_node_base*&)
 .text._ZNSt15__new_allocatorIPNSt8__detail15_Hash_node_baseEEC2Ev
                0x08001ee0       0x14 ./Core/Src/GPIO/GPIO_Base.o
                0x08001ee0                std::__new_allocator<std::__detail::_Hash_node_base*>::__new_allocator()
                0x08001ee0                std::__new_allocator<std::__detail::_Hash_node_base*>::__new_allocator()
 .text._ZNSt15__new_allocatorIPNSt8__detail15_Hash_node_baseEED2Ev
                0x08001ef4       0x14 ./Core/Src/GPIO/GPIO_Base.o
                0x08001ef4                std::__new_allocator<std::__detail::_Hash_node_base*>::~__new_allocator()
                0x08001ef4                std::__new_allocator<std::__detail::_Hash_node_base*>::~__new_allocator()
 .text._ZNSt15__new_allocatorIPNSt8__detail15_Hash_node_baseEE10deallocateEPS2_j
                0x08001f08       0x20 ./Core/Src/GPIO/GPIO_Base.o
                0x08001f08                std::__new_allocator<std::__detail::_Hash_node_base*>::deallocate(std::__detail::_Hash_node_base**, unsigned int)
 .text._ZNKSt8__detail15_Hashtable_baseIP12GPIO_TypeDefSt4pairIKS2_bENS_10_Select1stESt8equal_toIS2_ESt4hashIS2_ENS_18_Mod_range_hashingENS_20_Default_ranged_hashENS_17_Hashtable_traitsILb0ELb0ELb1EEEE5_M_eqEv
                0x08001f28       0x18 ./Core/Src/GPIO/GPIO_Base.o
                0x08001f28                std::__detail::_Hashtable_base<GPIO_TypeDef*, std::pair<GPIO_TypeDef* const, bool>, std::__detail::_Select1st, std::equal_to<GPIO_TypeDef*>, std::hash<GPIO_TypeDef*>, std::__detail::_Mod_range_hashing, std::__detail::_Default_ranged_hash, std::__detail::_Hashtable_traits<false, false, true> >::_M_eq() const
 .text._ZNKSt8__detail21_Hash_node_value_baseISt4pairIKP12GPIO_TypeDefbEE4_M_vEv
                0x08001f40       0x18 ./Core/Src/GPIO/GPIO_Base.o
                0x08001f40                std::__detail::_Hash_node_value_base<std::pair<GPIO_TypeDef* const, bool> >::_M_v() const
 .text._ZNKSt8equal_toIP12GPIO_TypeDefEclERKS1_S4_
                0x08001f58       0x28 ./Core/Src/GPIO/GPIO_Base.o
                0x08001f58                std::equal_to<GPIO_TypeDef*>::operator()(GPIO_TypeDef* const&, GPIO_TypeDef* const&) const
 .text._ZNKSt15__new_allocatorINSt8__detail10_Hash_nodeISt4pairIKP12GPIO_TypeDefbELb0EEEE11_M_max_sizeEv
                0x08001f80       0x18 ./Core/Src/GPIO/GPIO_Base.o
                0x08001f80                std::__new_allocator<std::__detail::_Hash_node<std::pair<GPIO_TypeDef* const, bool>, false> >::_M_max_size() const
 .text._ZNSt11_Tuple_implILj0EJRKP12GPIO_TypeDefEEC2EOS4_
                0x08001f98       0x1e ./Core/Src/GPIO/GPIO_Base.o
                0x08001f98                std::_Tuple_impl<0u, GPIO_TypeDef* const&>::_Tuple_impl(std::_Tuple_impl<0u, GPIO_TypeDef* const&>&&)
                0x08001f98                std::_Tuple_impl<0u, GPIO_TypeDef* const&>::_Tuple_impl(std::_Tuple_impl<0u, GPIO_TypeDef* const&>&&)
 .text._ZNSt4pairIKP12GPIO_TypeDefbEC2IJRS2_EJEEESt21piecewise_construct_tSt5tupleIJDpT_EES7_IJDpT0_EE
                0x08001fb6       0x28 ./Core/Src/GPIO/GPIO_Base.o
                0x08001fb6                std::pair<GPIO_TypeDef* const, bool>::pair<GPIO_TypeDef* const&>(std::piecewise_construct_t, std::tuple<GPIO_TypeDef* const&>, std::tuple<>)
                0x08001fb6                std::pair<GPIO_TypeDef* const, bool>::pair<GPIO_TypeDef* const&>(std::piecewise_construct_t, std::tuple<GPIO_TypeDef* const&>, std::tuple<>)
 .text._ZSt9addressofINSt8__detail10_Hash_nodeISt4pairIKP12GPIO_TypeDefbELb0EEEEPT_RS8_
                0x08001fde       0x18 ./Core/Src/GPIO/GPIO_Base.o
                0x08001fde                std::__detail::_Hash_node<std::pair<GPIO_TypeDef* const, bool>, false>* std::addressof<std::__detail::_Hash_node<std::pair<GPIO_TypeDef* const, bool>, false> >(std::__detail::_Hash_node<std::pair<GPIO_TypeDef* const, bool>, false>&)
 .text._ZNSt15__new_allocatorINSt8__detail10_Hash_nodeISt4pairIKP12GPIO_TypeDefbELb0EEEEC2Ev
                0x08001ff6       0x14 ./Core/Src/GPIO/GPIO_Base.o
                0x08001ff6                std::__new_allocator<std::__detail::_Hash_node<std::pair<GPIO_TypeDef* const, bool>, false> >::__new_allocator()
                0x08001ff6                std::__new_allocator<std::__detail::_Hash_node<std::pair<GPIO_TypeDef* const, bool>, false> >::__new_allocator()
 .text._ZNSt8__detail15_Hash_code_baseIP12GPIO_TypeDefSt4pairIKS2_bENS_10_Select1stESt4hashIS2_ENS_18_Mod_range_hashingENS_20_Default_ranged_hashELb0EEC2ERKS8_
                0x0800200a       0x1c ./Core/Src/GPIO/GPIO_Base.o
                0x0800200a                std::__detail::_Hash_code_base<GPIO_TypeDef*, std::pair<GPIO_TypeDef* const, bool>, std::__detail::_Select1st, std::hash<GPIO_TypeDef*>, std::__detail::_Mod_range_hashing, std::__detail::_Default_ranged_hash, false>::_Hash_code_base(std::hash<GPIO_TypeDef*> const&)
                0x0800200a                std::__detail::_Hash_code_base<GPIO_TypeDef*, std::pair<GPIO_TypeDef* const, bool>, std::__detail::_Select1st, std::hash<GPIO_TypeDef*>, std::__detail::_Mod_range_hashing, std::__detail::_Default_ranged_hash, false>::_Hash_code_base(std::hash<GPIO_TypeDef*> const&)
 .text._ZNSt8__detail21_Hashtable_ebo_helperILi0ESt8equal_toIP12GPIO_TypeDefELb1EEC2IRKS4_EEOT_
                0x08002026       0x1a ./Core/Src/GPIO/GPIO_Base.o
                0x08002026                std::__detail::_Hashtable_ebo_helper<0, std::equal_to<GPIO_TypeDef*>, true>::_Hashtable_ebo_helper<std::equal_to<GPIO_TypeDef*> const&>(std::equal_to<GPIO_TypeDef*> const&)
                0x08002026                std::__detail::_Hashtable_ebo_helper<0, std::equal_to<GPIO_TypeDef*>, true>::_Hashtable_ebo_helper<std::equal_to<GPIO_TypeDef*> const&>(std::equal_to<GPIO_TypeDef*> const&)
 .text._ZSt7forwardISaINSt8__detail10_Hash_nodeISt4pairIKP12GPIO_TypeDefbELb0EEEEEOT_RNSt16remove_referenceIS9_E4typeE
                0x08002040       0x14 ./Core/Src/GPIO/GPIO_Base.o
                0x08002040                std::allocator<std::__detail::_Hash_node<std::pair<GPIO_TypeDef* const, bool>, false> >&& std::forward<std::allocator<std::__detail::_Hash_node<std::pair<GPIO_TypeDef* const, bool>, false> > >(std::remove_reference<std::allocator<std::__detail::_Hash_node<std::pair<GPIO_TypeDef* const, bool>, false> > >::type&)
 .text._ZNSt8__detail21_Hashtable_ebo_helperILi0ESaINS_10_Hash_nodeISt4pairIKP12GPIO_TypeDefbELb0EEEELb1EEC2IS8_EEOT_
                0x08002054       0x24 ./Core/Src/GPIO/GPIO_Base.o
                0x08002054                std::__detail::_Hashtable_ebo_helper<0, std::allocator<std::__detail::_Hash_node<std::pair<GPIO_TypeDef* const, bool>, false> >, true>::_Hashtable_ebo_helper<std::allocator<std::__detail::_Hash_node<std::pair<GPIO_TypeDef* const, bool>, false> > >(std::allocator<std::__detail::_Hash_node<std::pair<GPIO_TypeDef* const, bool>, false> >&&)
                0x08002054                std::__detail::_Hashtable_ebo_helper<0, std::allocator<std::__detail::_Hash_node<std::pair<GPIO_TypeDef* const, bool>, false> >, true>::_Hashtable_ebo_helper<std::allocator<std::__detail::_Hash_node<std::pair<GPIO_TypeDef* const, bool>, false> > >(std::allocator<std::__detail::_Hash_node<std::pair<GPIO_TypeDef* const, bool>, false> >&&)
 .text._ZNSt16allocator_traitsISaIPNSt8__detail15_Hash_node_baseEEE8allocateERS3_j
                0x08002078       0x1e ./Core/Src/GPIO/GPIO_Base.o
                0x08002078                std::allocator_traits<std::allocator<std::__detail::_Hash_node_base*> >::allocate(std::allocator<std::__detail::_Hash_node_base*>&, unsigned int)
 .text._ZSt12__to_addressIPNSt8__detail15_Hash_node_baseEEPT_S4_
                0x08002096       0x14 ./Core/Src/GPIO/GPIO_Base.o
                0x08002096                std::__detail::_Hash_node_base** std::__to_address<std::__detail::_Hash_node_base*>(std::__detail::_Hash_node_base**)
 .text._ZNKSt10_HashtableIP12GPIO_TypeDefSt4pairIKS1_bESaIS4_ENSt8__detail10_Select1stESt8equal_toIS1_ESt4hashIS1_ENS6_18_Mod_range_hashingENS6_20_Default_ranged_hashENS6_20_Prime_rehash_policyENS6_17_Hashtable_traitsILb0ELb0ELb1EEEE4sizeEv
                0x080020aa       0x16 ./Core/Src/GPIO/GPIO_Base.o
                0x080020aa                std::_Hashtable<GPIO_TypeDef*, std::pair<GPIO_TypeDef* const, bool>, std::allocator<std::pair<GPIO_TypeDef* const, bool> >, std::__detail::_Select1st, std::equal_to<GPIO_TypeDef*>, std::hash<GPIO_TypeDef*>, std::__detail::_Mod_range_hashing, std::__detail::_Default_ranged_hash, std::__detail::_Prime_rehash_policy, std::__detail::_Hashtable_traits<false, false, true> >::size() const
 .text._ZNSt10_HashtableIP12GPIO_TypeDefSt4pairIKS1_bESaIS4_ENSt8__detail10_Select1stESt8equal_toIS1_ESt4hashIS1_ENS6_18_Mod_range_hashingENS6_20_Default_ranged_hashENS6_20_Prime_rehash_policyENS6_17_Hashtable_traitsILb0ELb0ELb1EEEE22__small_size_thresholdEv
                0x080020c0        0xe ./Core/Src/GPIO/GPIO_Base.o
                0x080020c0                std::_Hashtable<GPIO_TypeDef*, std::pair<GPIO_TypeDef* const, bool>, std::allocator<std::pair<GPIO_TypeDef* const, bool> >, std::__detail::_Select1st, std::equal_to<GPIO_TypeDef*>, std::hash<GPIO_TypeDef*>, std::__detail::_Mod_range_hashing, std::__detail::_Default_ranged_hash, std::__detail::_Prime_rehash_policy, std::__detail::_Hashtable_traits<false, false, true> >::__small_size_threshold()
 .text._ZNSt10_HashtableIP12GPIO_TypeDefSt4pairIKS1_bESaIS4_ENSt8__detail10_Select1stESt8equal_toIS1_ESt4hashIS1_ENS6_18_Mod_range_hashingENS6_20_Default_ranged_hashENS6_20_Prime_rehash_policyENS6_17_Hashtable_traitsILb0ELb0ELb1EEEE5beginEv
                0x080020ce       0x26 ./Core/Src/GPIO/GPIO_Base.o
                0x080020ce                std::_Hashtable<GPIO_TypeDef*, std::pair<GPIO_TypeDef* const, bool>, std::allocator<std::pair<GPIO_TypeDef* const, bool> >, std::__detail::_Select1st, std::equal_to<GPIO_TypeDef*>, std::hash<GPIO_TypeDef*>, std::__detail::_Mod_range_hashing, std::__detail::_Default_ranged_hash, std::__detail::_Prime_rehash_policy, std::__detail::_Hashtable_traits<false, false, true> >::begin()
 .text._ZNSt10_HashtableIP12GPIO_TypeDefSt4pairIKS1_bESaIS4_ENSt8__detail10_Select1stESt8equal_toIS1_ESt4hashIS1_ENS6_18_Mod_range_hashingENS6_20_Default_ranged_hashENS6_20_Prime_rehash_policyENS6_17_Hashtable_traitsILb0ELb0ELb1EEEE3endEv
                0x080020f4       0x1e ./Core/Src/GPIO/GPIO_Base.o
                0x080020f4                std::_Hashtable<GPIO_TypeDef*, std::pair<GPIO_TypeDef* const, bool>, std::allocator<std::pair<GPIO_TypeDef* const, bool> >, std::__detail::_Select1st, std::equal_to<GPIO_TypeDef*>, std::hash<GPIO_TypeDef*>, std::__detail::_Mod_range_hashing, std::__detail::_Default_ranged_hash, std::__detail::_Prime_rehash_policy, std::__detail::_Hashtable_traits<false, false, true> >::end()
 .text._ZNSt8__detailneERKNS_19_Node_iterator_baseISt4pairIKP12GPIO_TypeDefbELb0EEES8_
                0x08002112       0x26 ./Core/Src/GPIO/GPIO_Base.o
                0x08002112                std::__detail::operator!=(std::__detail::_Node_iterator_base<std::pair<GPIO_TypeDef* const, bool>, false> const&, std::__detail::_Node_iterator_base<std::pair<GPIO_TypeDef* const, bool>, false> const&)
 .text._ZNSt8__detail14_Node_iteratorISt4pairIKP12GPIO_TypeDefbELb0ELb0EEppEv
                0x08002138       0x1a ./Core/Src/GPIO/GPIO_Base.o
                0x08002138                std::__detail::_Node_iterator<std::pair<GPIO_TypeDef* const, bool>, false, false>::operator++()
 .text._ZNKSt8__detail15_Hashtable_baseIP12GPIO_TypeDefSt4pairIKS2_bENS_10_Select1stESt8equal_toIS2_ESt4hashIS2_ENS_18_Mod_range_hashingENS_20_Default_ranged_hashENS_17_Hashtable_traitsILb0ELb0ELb1EEEE16_M_key_equals_trIS2_EEbRKT_RKNS_16_Hash_node_valueIS5_Lb0EEE
                0x08002152       0x40 ./Core/Src/GPIO/GPIO_Base.o
                0x08002152                bool std::__detail::_Hashtable_base<GPIO_TypeDef*, std::pair<GPIO_TypeDef* const, bool>, std::__detail::_Select1st, std::equal_to<GPIO_TypeDef*>, std::hash<GPIO_TypeDef*>, std::__detail::_Mod_range_hashing, std::__detail::_Default_ranged_hash, std::__detail::_Hashtable_traits<false, false, true> >::_M_key_equals_tr<GPIO_TypeDef*>(GPIO_TypeDef* const&, std::__detail::_Hash_node_value<std::pair<GPIO_TypeDef* const, bool>, false> const&) const
 .text._ZNSt4pairINSt8__detail14_Node_iteratorIS_IKP12GPIO_TypeDefbELb0ELb0EEEbEC2IRS6_bLb1EEEOT_OT0_
                0x08002192       0x32 ./Core/Src/GPIO/GPIO_Base.o
                0x08002192                std::pair<std::__detail::_Node_iterator<std::pair<GPIO_TypeDef* const, bool>, false, false>, bool>::pair<std::__detail::_Node_iterator<std::pair<GPIO_TypeDef* const, bool>, false, false>&, bool, true>(std::__detail::_Node_iterator<std::pair<GPIO_TypeDef* const, bool>, false, false>&, bool&&)
                0x08002192                std::pair<std::__detail::_Node_iterator<std::pair<GPIO_TypeDef* const, bool>, false, false>, bool>::pair<std::__detail::_Node_iterator<std::pair<GPIO_TypeDef* const, bool>, false, false>&, bool, true>(std::__detail::_Node_iterator<std::pair<GPIO_TypeDef* const, bool>, false, false>&, bool&&)
 .text._ZNKSt8__detail15_Hash_code_baseIP12GPIO_TypeDefSt4pairIKS2_bENS_10_Select1stESt4hashIS2_ENS_18_Mod_range_hashingENS_20_Default_ranged_hashELb0EE15_M_hash_code_trIS2_EEjRKT_
                0x080021c4       0x28 ./Core/Src/GPIO/GPIO_Base.o
                0x080021c4                unsigned int std::__detail::_Hash_code_base<GPIO_TypeDef*, std::pair<GPIO_TypeDef* const, bool>, std::__detail::_Select1st, std::hash<GPIO_TypeDef*>, std::__detail::_Mod_range_hashing, std::__detail::_Default_ranged_hash, false>::_M_hash_code_tr<GPIO_TypeDef*>(GPIO_TypeDef* const&) const
 .text._ZNKSt10_HashtableIP12GPIO_TypeDefSt4pairIKS1_bESaIS4_ENSt8__detail10_Select1stESt8equal_toIS1_ESt4hashIS1_ENS6_18_Mod_range_hashingENS6_20_Default_ranged_hashENS6_20_Prime_rehash_policyENS6_17_Hashtable_traitsILb0ELb0ELb1EEEE15_M_find_node_trIS1_EEPNS6_10_Hash_nodeIS4_Lb0EEEjRKT_j
                0x080021ec       0x32 ./Core/Src/GPIO/GPIO_Base.o
                0x080021ec                std::__detail::_Hash_node<std::pair<GPIO_TypeDef* const, bool>, false>* std::_Hashtable<GPIO_TypeDef*, std::pair<GPIO_TypeDef* const, bool>, std::allocator<std::pair<GPIO_TypeDef* const, bool> >, std::__detail::_Select1st, std::equal_to<GPIO_TypeDef*>, std::hash<GPIO_TypeDef*>, std::__detail::_Mod_range_hashing, std::__detail::_Default_ranged_hash, std::__detail::_Prime_rehash_policy, std::__detail::_Hashtable_traits<false, false, true> >::_M_find_node_tr<GPIO_TypeDef*>(unsigned int, GPIO_TypeDef* const&, unsigned int) const
 .text._ZNSt4pairINSt8__detail14_Node_iteratorIS_IKP12GPIO_TypeDefbELb0ELb0EEEbEC2IS6_bLb1EEEOT_OT0_
                0x0800221e       0x32 ./Core/Src/GPIO/GPIO_Base.o
                0x0800221e                std::pair<std::__detail::_Node_iterator<std::pair<GPIO_TypeDef* const, bool>, false, false>, bool>::pair<std::__detail::_Node_iterator<std::pair<GPIO_TypeDef* const, bool>, false, false>, bool, true>(std::__detail::_Node_iterator<std::pair<GPIO_TypeDef* const, bool>, false, false>&&, bool&&)
                0x0800221e                std::pair<std::__detail::_Node_iterator<std::pair<GPIO_TypeDef* const, bool>, false, false>, bool>::pair<std::__detail::_Node_iterator<std::pair<GPIO_TypeDef* const, bool>, false, false>, bool, true>(std::__detail::_Node_iterator<std::pair<GPIO_TypeDef* const, bool>, false, false>&&, bool&&)
 .text._ZSt7forwardIRKP12GPIO_TypeDefEOT_RNSt16remove_referenceIS4_E4typeE
                0x08002250       0x14 ./Core/Src/GPIO/GPIO_Base.o
                0x08002250                GPIO_TypeDef* const& std::forward<GPIO_TypeDef* const&>(std::remove_reference<GPIO_TypeDef* const&>::type&)
 .text._ZNSt8__detail12_NodeBuilderINS_10_Select1stEE8_S_buildIRKP12GPIO_TypeDefRKSt4pairIS6_bENS_10_AllocNodeISaINS_10_Hash_nodeIS9_Lb0EEEEEEEEPNT1_11__node_typeEOT_OT0_RKSH_
                0x08002264       0x32 ./Core/Src/GPIO/GPIO_Base.o
                0x08002264                std::__detail::_AllocNode<std::allocator<std::__detail::_Hash_node<std::pair<GPIO_TypeDef* const, bool>, false> > >::__node_type* std::__detail::_NodeBuilder<std::__detail::_Select1st>::_S_build<GPIO_TypeDef* const&, std::pair<GPIO_TypeDef* const, bool> const&, std::__detail::_AllocNode<std::allocator<std::__detail::_Hash_node<std::pair<GPIO_TypeDef* const, bool>, false> > > >(GPIO_TypeDef* const&, std::pair<GPIO_TypeDef* const, bool> const&, std::__detail::_AllocNode<std::allocator<std::__detail::_Hash_node<std::pair<GPIO_TypeDef* const, bool>, false> > > const&)
 .text._ZNSt10_HashtableIP12GPIO_TypeDefSt4pairIKS1_bESaIS4_ENSt8__detail10_Select1stESt8equal_toIS1_ESt4hashIS1_ENS6_18_Mod_range_hashingENS6_20_Default_ranged_hashENS6_20_Prime_rehash_policyENS6_17_Hashtable_traitsILb0ELb0ELb1EEEE12_Scoped_nodeC2EPNS6_10_Hash_nodeIS4_Lb0EEEPNS6_16_Hashtable_allocISaISK_EEE
                0x08002296       0x24 ./Core/Src/GPIO/GPIO_Base.o
                0x08002296                std::_Hashtable<GPIO_TypeDef*, std::pair<GPIO_TypeDef* const, bool>, std::allocator<std::pair<GPIO_TypeDef* const, bool> >, std::__detail::_Select1st, std::equal_to<GPIO_TypeDef*>, std::hash<GPIO_TypeDef*>, std::__detail::_Mod_range_hashing, std::__detail::_Default_ranged_hash, std::__detail::_Prime_rehash_policy, std::__detail::_Hashtable_traits<false, false, true> >::_Scoped_node::_Scoped_node(std::__detail::_Hash_node<std::pair<GPIO_TypeDef* const, bool>, false>*, std::__detail::_Hashtable_alloc<std::allocator<std::__detail::_Hash_node<std::pair<GPIO_TypeDef* const, bool>, false> > >*)
                0x08002296                std::_Hashtable<GPIO_TypeDef*, std::pair<GPIO_TypeDef* const, bool>, std::allocator<std::pair<GPIO_TypeDef* const, bool> >, std::__detail::_Select1st, std::equal_to<GPIO_TypeDef*>, std::hash<GPIO_TypeDef*>, std::__detail::_Mod_range_hashing, std::__detail::_Default_ranged_hash, std::__detail::_Prime_rehash_policy, std::__detail::_Hashtable_traits<false, false, true> >::_Scoped_node::_Scoped_node(std::__detail::_Hash_node<std::pair<GPIO_TypeDef* const, bool>, false>*, std::__detail::_Hashtable_alloc<std::allocator<std::__detail::_Hash_node<std::pair<GPIO_TypeDef* const, bool>, false> > >*)
 .text._ZSt11__addressofIPNSt8__detail15_Hash_node_baseEEPT_RS3_
                0x080022ba       0x14 ./Core/Src/GPIO/GPIO_Base.o
                0x080022ba                std::__detail::_Hash_node_base** std::__addressof<std::__detail::_Hash_node_base*>(std::__detail::_Hash_node_base*&)
 .text._ZNKSt8__detail21_Hashtable_ebo_helperILi0ESt8equal_toIP12GPIO_TypeDefELb1EE7_M_cgetEv
                0x080022ce       0x14 ./Core/Src/GPIO/GPIO_Base.o
                0x080022ce                std::__detail::_Hashtable_ebo_helper<0, std::equal_to<GPIO_TypeDef*>, true>::_M_cget() const
 .text._ZNKSt8__detail21_Hash_node_value_baseISt4pairIKP12GPIO_TypeDefbEE9_M_valptrEv
                0x080022e2       0x1a ./Core/Src/GPIO/GPIO_Base.o
                0x080022e2                std::__detail::_Hash_node_value_base<std::pair<GPIO_TypeDef* const, bool> >::_M_valptr() const
 .text._ZNSt4pairIKP12GPIO_TypeDefbEC2IJRS2_EJLj0EEJEJEEERSt5tupleIJDpT_EERS6_IJDpT1_EESt12_Index_tupleIJXspT0_EEESF_IJXspT2_EEE
                0x080022fc       0x34 ./Core/Src/GPIO/GPIO_Base.o
                0x080022fc                std::pair<GPIO_TypeDef* const, bool>::pair<GPIO_TypeDef* const&, 0u>(std::tuple<GPIO_TypeDef* const&>&, std::tuple<>&, std::_Index_tuple<0u>, std::_Index_tuple<>)
                0x080022fc                std::pair<GPIO_TypeDef* const, bool>::pair<GPIO_TypeDef* const&, 0u>(std::tuple<GPIO_TypeDef* const&>&, std::tuple<>&, std::_Index_tuple<0u>, std::_Index_tuple<>)
 .text._ZSt11__addressofINSt8__detail10_Hash_nodeISt4pairIKP12GPIO_TypeDefbELb0EEEEPT_RS8_
                0x08002330       0x14 ./Core/Src/GPIO/GPIO_Base.o
                0x08002330                std::__detail::_Hash_node<std::pair<GPIO_TypeDef* const, bool>, false>* std::__addressof<std::__detail::_Hash_node<std::pair<GPIO_TypeDef* const, bool>, false> >(std::__detail::_Hash_node<std::pair<GPIO_TypeDef* const, bool>, false>&)
 .text._ZNSt8__detail21_Hashtable_ebo_helperILi1ESt4hashIP12GPIO_TypeDefELb1EEC2IRKS4_EEOT_
                0x08002344       0x1a ./Core/Src/GPIO/GPIO_Base.o
                0x08002344                std::__detail::_Hashtable_ebo_helper<1, std::hash<GPIO_TypeDef*>, true>::_Hashtable_ebo_helper<std::hash<GPIO_TypeDef*> const&>(std::hash<GPIO_TypeDef*> const&)
                0x08002344                std::__detail::_Hashtable_ebo_helper<1, std::hash<GPIO_TypeDef*>, true>::_Hashtable_ebo_helper<std::hash<GPIO_TypeDef*> const&>(std::hash<GPIO_TypeDef*> const&)
 .text._ZSt7forwardIRKSt8equal_toIP12GPIO_TypeDefEEOT_RNSt16remove_referenceIS6_E4typeE
                0x0800235e       0x14 ./Core/Src/GPIO/GPIO_Base.o